--------------------------------------------------------------------------------
Release 14.7 Trace  (lin64)
Copyright (c) 1995-2013 Xilinx, Inc.  All rights reserved.

/opt/Xilinx/14.7/ISE_DS/ISE/bin/lin64/unwrapped/trce -intstyle ise -v 3 -s 3 -n
3 -fastpaths -xml topmodulL.twx topmodulL.ncd -o topmodulL.twr topmodulL.pcf

Design file:              topmodulL.ncd
Physical constraint file: topmodulL.pcf
Device,package,speed:     xc6slx9,ftg256,C,-3 (PRODUCTION 1.23 2016-11-22)
Report level:             verbose report

Environment Variable      Effect 
--------------------      ------ 
NONE                      No environment variables were set
--------------------------------------------------------------------------------

INFO:Timing:2698 - No timing constraints found, doing default enumeration.
INFO:Timing:3412 - To improve timing, see the Timing Closure User Guide (UG612).
INFO:Timing:2752 - To get complete path coverage, use the unconstrained paths 
   option. All paths that are not constrained will be reported in the 
   unconstrained paths section(s) of the report.
INFO:Timing:3339 - The clock-to-out numbers in this timing report are based on 
   a 50 Ohm transmission line loading model.  For the details of this model, 
   and for more information on accounting for different loading conditions, 
   please see the device datasheet.



Data Sheet report:
-----------------
All values displayed in nanoseconds (ns)

Pad to Pad
---------------+------------------+---------+
Source Pad     |Destination Pad   |  Delay  |
---------------+------------------+---------+
ulaz2_koder<0> |izlaz2_dekoder<0> |    8.513|
ulaz2_koder<0> |izlaz2_dekoder<1> |    9.363|
ulaz2_koder<0> |izlaz2_dekoder<2> |    9.475|
ulaz2_koder<0> |izlaz2_dekoder<3> |    9.356|
ulaz2_koder<0> |izlaz2_dekoder<4> |    9.684|
ulaz2_koder<0> |izlaz2_dekoder<5> |    9.796|
ulaz2_koder<0> |izlaz2_dekoder<6> |    9.721|
ulaz2_koder<0> |izlaz2_dekoder<7> |    9.911|
ulaz2_koder<0> |izlaz2_dekoder<8> |    9.515|
ulaz2_koder<0> |izlaz2_dekoder<9> |    9.567|
ulaz2_koder<0> |izlaz2_dekoder<10>|    9.511|
ulaz2_koder<0> |izlaz2_dekoder<11>|    9.458|
ulaz2_koder<0> |izlaz2_koder<0>   |    8.599|
ulaz2_koder<0> |izlaz2_koder<1>   |    8.466|
ulaz2_koder<0> |izlaz2_koder<2>   |    8.616|
ulaz2_koder<0> |izlaz2_koder<3>   |    8.485|
ulaz2_koder<0> |izlaz2_koder<4>   |    8.303|
ulaz2_koder<0> |izlaz2_koder<5>   |    8.413|
ulaz2_koder<0> |izlaz2_koder<6>   |    8.402|
ulaz2_koder<0> |izlaz2_koder<7>   |    8.308|
ulaz2_koder<0> |izlaz2_koder<8>   |    8.116|
ulaz2_koder<0> |izlaz2_koder<9>   |    8.230|
ulaz2_koder<0> |izlaz2_koder<10>  |    8.230|
ulaz2_koder<0> |izlaz2_koder<11>  |    8.653|
ulaz2_koder<0> |izlaz2_koder<12>  |    8.205|
ulaz2_koder<1> |izlaz2_dekoder<1> |    9.127|
ulaz2_koder<1> |izlaz2_dekoder<2> |    9.239|
ulaz2_koder<1> |izlaz2_dekoder<3> |    9.120|
ulaz2_koder<1> |izlaz2_dekoder<4> |    9.448|
ulaz2_koder<1> |izlaz2_dekoder<5> |    9.560|
ulaz2_koder<1> |izlaz2_dekoder<6> |    9.485|
ulaz2_koder<1> |izlaz2_dekoder<7> |    9.675|
ulaz2_koder<1> |izlaz2_dekoder<8> |    9.279|
ulaz2_koder<1> |izlaz2_dekoder<9> |    9.331|
ulaz2_koder<1> |izlaz2_dekoder<10>|    9.275|
ulaz2_koder<1> |izlaz2_dekoder<11>|    9.222|
ulaz2_koder<1> |izlaz2_koder<1>   |    8.230|
ulaz2_koder<1> |izlaz2_koder<2>   |    8.380|
ulaz2_koder<1> |izlaz2_koder<3>   |    8.249|
ulaz2_koder<1> |izlaz2_koder<4>   |    8.067|
ulaz2_koder<1> |izlaz2_koder<5>   |    8.177|
ulaz2_koder<1> |izlaz2_koder<6>   |    8.166|
ulaz2_koder<1> |izlaz2_koder<7>   |    8.072|
ulaz2_koder<1> |izlaz2_koder<8>   |    7.880|
ulaz2_koder<1> |izlaz2_koder<9>   |    7.994|
ulaz2_koder<1> |izlaz2_koder<10>  |    7.994|
ulaz2_koder<1> |izlaz2_koder<11>  |    8.417|
ulaz2_koder<1> |izlaz2_koder<12>  |    7.969|
ulaz2_koder<2> |izlaz2_dekoder<1> |    9.198|
ulaz2_koder<2> |izlaz2_dekoder<2> |    9.310|
ulaz2_koder<2> |izlaz2_dekoder<3> |    9.191|
ulaz2_koder<2> |izlaz2_dekoder<4> |    9.519|
ulaz2_koder<2> |izlaz2_dekoder<5> |    9.631|
ulaz2_koder<2> |izlaz2_dekoder<6> |    9.556|
ulaz2_koder<2> |izlaz2_dekoder<7> |    9.746|
ulaz2_koder<2> |izlaz2_dekoder<8> |    9.350|
ulaz2_koder<2> |izlaz2_dekoder<9> |    9.402|
ulaz2_koder<2> |izlaz2_dekoder<10>|    9.346|
ulaz2_koder<2> |izlaz2_dekoder<11>|    9.293|
ulaz2_koder<2> |izlaz2_koder<2>   |    8.441|
ulaz2_koder<2> |izlaz2_koder<3>   |    8.287|
ulaz2_koder<2> |izlaz2_koder<4>   |    8.138|
ulaz2_koder<2> |izlaz2_koder<5>   |    8.248|
ulaz2_koder<2> |izlaz2_koder<6>   |    8.237|
ulaz2_koder<2> |izlaz2_koder<7>   |    8.143|
ulaz2_koder<2> |izlaz2_koder<8>   |    7.951|
ulaz2_koder<2> |izlaz2_koder<9>   |    8.065|
ulaz2_koder<2> |izlaz2_koder<10>  |    8.065|
ulaz2_koder<2> |izlaz2_koder<11>  |    8.488|
ulaz2_koder<2> |izlaz2_koder<12>  |    8.040|
ulaz2_koder<3> |izlaz2_dekoder<1> |    9.085|
ulaz2_koder<3> |izlaz2_dekoder<2> |    9.197|
ulaz2_koder<3> |izlaz2_dekoder<3> |    9.078|
ulaz2_koder<3> |izlaz2_dekoder<4> |    9.406|
ulaz2_koder<3> |izlaz2_dekoder<5> |    9.518|
ulaz2_koder<3> |izlaz2_dekoder<6> |    9.443|
ulaz2_koder<3> |izlaz2_dekoder<7> |    9.633|
ulaz2_koder<3> |izlaz2_dekoder<8> |    9.237|
ulaz2_koder<3> |izlaz2_dekoder<9> |    9.289|
ulaz2_koder<3> |izlaz2_dekoder<10>|    9.233|
ulaz2_koder<3> |izlaz2_dekoder<11>|    9.180|
ulaz2_koder<3> |izlaz2_koder<3>   |    8.148|
ulaz2_koder<3> |izlaz2_koder<4>   |    8.025|
ulaz2_koder<3> |izlaz2_koder<5>   |    8.135|
ulaz2_koder<3> |izlaz2_koder<6>   |    8.124|
ulaz2_koder<3> |izlaz2_koder<7>   |    8.030|
ulaz2_koder<3> |izlaz2_koder<8>   |    7.838|
ulaz2_koder<3> |izlaz2_koder<9>   |    7.952|
ulaz2_koder<3> |izlaz2_koder<10>  |    7.952|
ulaz2_koder<3> |izlaz2_koder<11>  |    8.375|
ulaz2_koder<3> |izlaz2_koder<12>  |    7.927|
ulaz2_koder<4> |izlaz2_dekoder<1> |    9.163|
ulaz2_koder<4> |izlaz2_dekoder<2> |    9.275|
ulaz2_koder<4> |izlaz2_dekoder<3> |    9.156|
ulaz2_koder<4> |izlaz2_dekoder<4> |    9.484|
ulaz2_koder<4> |izlaz2_dekoder<5> |    9.596|
ulaz2_koder<4> |izlaz2_dekoder<6> |    9.521|
ulaz2_koder<4> |izlaz2_dekoder<7> |    9.711|
ulaz2_koder<4> |izlaz2_dekoder<8> |    9.315|
ulaz2_koder<4> |izlaz2_dekoder<9> |    9.367|
ulaz2_koder<4> |izlaz2_dekoder<10>|    9.311|
ulaz2_koder<4> |izlaz2_dekoder<11>|    9.258|
ulaz2_koder<4> |izlaz2_koder<4>   |    7.968|
ulaz2_koder<4> |izlaz2_koder<5>   |    8.057|
ulaz2_koder<4> |izlaz2_koder<6>   |    8.175|
ulaz2_koder<4> |izlaz2_koder<7>   |    8.069|
ulaz2_koder<4> |izlaz2_koder<8>   |    7.916|
ulaz2_koder<4> |izlaz2_koder<9>   |    8.030|
ulaz2_koder<4> |izlaz2_koder<10>  |    8.030|
ulaz2_koder<4> |izlaz2_koder<11>  |    8.453|
ulaz2_koder<4> |izlaz2_koder<12>  |    8.005|
ulaz2_koder<5> |izlaz2_dekoder<1> |    9.004|
ulaz2_koder<5> |izlaz2_dekoder<2> |    9.116|
ulaz2_koder<5> |izlaz2_dekoder<3> |    8.997|
ulaz2_koder<5> |izlaz2_dekoder<4> |    9.325|
ulaz2_koder<5> |izlaz2_dekoder<5> |    9.437|
ulaz2_koder<5> |izlaz2_dekoder<6> |    9.362|
ulaz2_koder<5> |izlaz2_dekoder<7> |    9.552|
ulaz2_koder<5> |izlaz2_dekoder<8> |    9.156|
ulaz2_koder<5> |izlaz2_dekoder<9> |    9.208|
ulaz2_koder<5> |izlaz2_dekoder<10>|    9.152|
ulaz2_koder<5> |izlaz2_dekoder<11>|    9.099|
ulaz2_koder<5> |izlaz2_koder<5>   |    7.834|
ulaz2_koder<5> |izlaz2_koder<6>   |    8.004|
ulaz2_koder<5> |izlaz2_koder<7>   |    7.914|
ulaz2_koder<5> |izlaz2_koder<8>   |    7.757|
ulaz2_koder<5> |izlaz2_koder<9>   |    7.871|
ulaz2_koder<5> |izlaz2_koder<10>  |    7.871|
ulaz2_koder<5> |izlaz2_koder<11>  |    8.294|
ulaz2_koder<5> |izlaz2_koder<12>  |    7.846|
ulaz2_koder<6> |izlaz2_dekoder<1> |    9.307|
ulaz2_koder<6> |izlaz2_dekoder<2> |    9.419|
ulaz2_koder<6> |izlaz2_dekoder<3> |    9.300|
ulaz2_koder<6> |izlaz2_dekoder<4> |    9.628|
ulaz2_koder<6> |izlaz2_dekoder<5> |    9.740|
ulaz2_koder<6> |izlaz2_dekoder<6> |    9.665|
ulaz2_koder<6> |izlaz2_dekoder<7> |    9.855|
ulaz2_koder<6> |izlaz2_dekoder<8> |    9.459|
ulaz2_koder<6> |izlaz2_dekoder<9> |    9.511|
ulaz2_koder<6> |izlaz2_dekoder<10>|    9.455|
ulaz2_koder<6> |izlaz2_dekoder<11>|    9.402|
ulaz2_koder<6> |izlaz2_koder<6>   |    8.297|
ulaz2_koder<6> |izlaz2_koder<7>   |    8.184|
ulaz2_koder<6> |izlaz2_koder<8>   |    8.060|
ulaz2_koder<6> |izlaz2_koder<9>   |    8.174|
ulaz2_koder<6> |izlaz2_koder<10>  |    8.174|
ulaz2_koder<6> |izlaz2_koder<11>  |    8.597|
ulaz2_koder<6> |izlaz2_koder<12>  |    8.149|
ulaz2_koder<7> |izlaz2_dekoder<1> |    9.243|
ulaz2_koder<7> |izlaz2_dekoder<2> |    9.355|
ulaz2_koder<7> |izlaz2_dekoder<3> |    9.236|
ulaz2_koder<7> |izlaz2_dekoder<4> |    9.564|
ulaz2_koder<7> |izlaz2_dekoder<5> |    9.676|
ulaz2_koder<7> |izlaz2_dekoder<6> |    9.601|
ulaz2_koder<7> |izlaz2_dekoder<7> |    9.791|
ulaz2_koder<7> |izlaz2_dekoder<8> |    9.395|
ulaz2_koder<7> |izlaz2_dekoder<9> |    9.447|
ulaz2_koder<7> |izlaz2_dekoder<10>|    9.391|
ulaz2_koder<7> |izlaz2_dekoder<11>|    9.338|
ulaz2_koder<7> |izlaz2_koder<7>   |    8.094|
ulaz2_koder<7> |izlaz2_koder<8>   |    7.996|
ulaz2_koder<7> |izlaz2_koder<9>   |    8.110|
ulaz2_koder<7> |izlaz2_koder<10>  |    8.110|
ulaz2_koder<7> |izlaz2_koder<11>  |    8.533|
ulaz2_koder<7> |izlaz2_koder<12>  |    8.085|
ulaz2_koder<8> |izlaz2_dekoder<1> |    9.471|
ulaz2_koder<8> |izlaz2_dekoder<2> |    9.583|
ulaz2_koder<8> |izlaz2_dekoder<3> |    9.464|
ulaz2_koder<8> |izlaz2_dekoder<4> |    9.792|
ulaz2_koder<8> |izlaz2_dekoder<5> |    9.904|
ulaz2_koder<8> |izlaz2_dekoder<6> |    9.829|
ulaz2_koder<8> |izlaz2_dekoder<7> |   10.019|
ulaz2_koder<8> |izlaz2_dekoder<8> |    9.623|
ulaz2_koder<8> |izlaz2_dekoder<9> |    9.675|
ulaz2_koder<8> |izlaz2_dekoder<10>|    9.619|
ulaz2_koder<8> |izlaz2_dekoder<11>|    9.566|
ulaz2_koder<8> |izlaz2_koder<8>   |    8.089|
ulaz2_koder<8> |izlaz2_koder<9>   |    8.182|
ulaz2_koder<8> |izlaz2_koder<10>  |    8.311|
ulaz2_koder<8> |izlaz2_koder<11>  |    8.722|
ulaz2_koder<8> |izlaz2_koder<12>  |    8.313|
ulaz2_koder<9> |izlaz2_dekoder<1> |    9.415|
ulaz2_koder<9> |izlaz2_dekoder<2> |    9.527|
ulaz2_koder<9> |izlaz2_dekoder<3> |    9.408|
ulaz2_koder<9> |izlaz2_dekoder<4> |    9.736|
ulaz2_koder<9> |izlaz2_dekoder<5> |    9.848|
ulaz2_koder<9> |izlaz2_dekoder<6> |    9.773|
ulaz2_koder<9> |izlaz2_dekoder<7> |    9.963|
ulaz2_koder<9> |izlaz2_dekoder<8> |    9.567|
ulaz2_koder<9> |izlaz2_dekoder<9> |    9.619|
ulaz2_koder<9> |izlaz2_dekoder<10>|    9.563|
ulaz2_koder<9> |izlaz2_dekoder<11>|    9.510|
ulaz2_koder<9> |izlaz2_koder<9>   |    8.062|
ulaz2_koder<9> |izlaz2_koder<10>  |    8.243|
ulaz2_koder<9> |izlaz2_koder<11>  |    8.670|
ulaz2_koder<9> |izlaz2_koder<12>  |    8.257|
ulaz2_koder<10>|izlaz2_dekoder<1> |    9.563|
ulaz2_koder<10>|izlaz2_dekoder<2> |    9.675|
ulaz2_koder<10>|izlaz2_dekoder<3> |    9.556|
ulaz2_koder<10>|izlaz2_dekoder<4> |    9.884|
ulaz2_koder<10>|izlaz2_dekoder<5> |    9.996|
ulaz2_koder<10>|izlaz2_dekoder<6> |    9.921|
ulaz2_koder<10>|izlaz2_dekoder<7> |   10.111|
ulaz2_koder<10>|izlaz2_dekoder<8> |    9.715|
ulaz2_koder<10>|izlaz2_dekoder<9> |    9.767|
ulaz2_koder<10>|izlaz2_dekoder<10>|    9.711|
ulaz2_koder<10>|izlaz2_dekoder<11>|    9.658|
ulaz2_koder<10>|izlaz2_koder<10>  |    8.381|
ulaz2_koder<10>|izlaz2_koder<11>  |    8.785|
ulaz2_koder<10>|izlaz2_koder<12>  |    8.405|
ulaz2_koder<11>|izlaz2_dekoder<1> |    9.255|
ulaz2_koder<11>|izlaz2_dekoder<2> |    9.367|
ulaz2_koder<11>|izlaz2_dekoder<3> |    9.248|
ulaz2_koder<11>|izlaz2_dekoder<4> |    9.576|
ulaz2_koder<11>|izlaz2_dekoder<5> |    9.688|
ulaz2_koder<11>|izlaz2_dekoder<6> |    9.613|
ulaz2_koder<11>|izlaz2_dekoder<7> |    9.803|
ulaz2_koder<11>|izlaz2_dekoder<8> |    9.407|
ulaz2_koder<11>|izlaz2_dekoder<9> |    9.459|
ulaz2_koder<11>|izlaz2_dekoder<10>|    9.403|
ulaz2_koder<11>|izlaz2_dekoder<11>|    9.350|
ulaz2_koder<11>|izlaz2_koder<11>  |    8.451|
ulaz2_koder<11>|izlaz2_koder<12>  |    8.097|
ulaz_koder<0>  |izlaz_dekoder<0>  |   11.821|
ulaz_koder<0>  |izlaz_dekoder<1>  |   11.906|
ulaz_koder<0>  |izlaz_dekoder<2>  |   12.012|
ulaz_koder<0>  |izlaz_dekoder<3>  |   12.348|
ulaz_koder<0>  |izlaz_dekoder<4>  |   12.316|
ulaz_koder<0>  |izlaz_dekoder<5>  |   12.406|
ulaz_koder<0>  |izlaz_dekoder<6>  |   12.187|
ulaz_koder<0>  |izlaz_dekoder<7>  |   12.232|
ulaz_koder<0>  |izlaz_dekoder<8>  |   12.380|
ulaz_koder<0>  |izlaz_dekoder<9>  |   12.470|
ulaz_koder<0>  |izlaz_dekoder<10> |   12.439|
ulaz_koder<0>  |izlaz_dekoder<11> |   12.404|
ulaz_koder<0>  |izlaz_dekoder<12> |   12.225|
ulaz_koder<0>  |izlaz_dekoder<13> |   12.285|
ulaz_koder<0>  |izlaz_dekoder<14> |   12.477|
ulaz_koder<0>  |izlaz_dekoder<15> |   12.433|
ulaz_koder<0>  |izlaz_dekoder<16> |   12.820|
ulaz_koder<0>  |izlaz_dekoder<17> |   12.714|
ulaz_koder<0>  |izlaz_dekoder<18> |   12.963|
ulaz_koder<0>  |izlaz_dekoder<19> |   12.872|
ulaz_koder<0>  |izlaz_dekoder<20> |   12.977|
ulaz_koder<0>  |izlaz_dekoder<21> |   13.288|
ulaz_koder<0>  |izlaz_dekoder<22> |   12.978|
ulaz_koder<0>  |izlaz_dekoder<23> |   13.233|
ulaz_koder<0>  |izlaz_dekoder<24> |   13.212|
ulaz_koder<0>  |izlaz_dekoder<25> |   13.372|
ulaz_koder<0>  |izlaz_dekoder<26> |   13.858|
ulaz_koder<0>  |izlaz_dekoder<27> |   13.758|
ulaz_koder<0>  |izlaz_dekoder<28> |   13.903|
ulaz_koder<0>  |izlaz_dekoder<29> |   14.041|
ulaz_koder<0>  |izlaz_dekoder<30> |   14.048|
ulaz_koder<0>  |izlaz_dekoder<31> |   14.003|
ulaz_koder<0>  |izlaz_dekoder<32> |   14.074|
ulaz_koder<0>  |izlaz_dekoder<33> |   14.359|
ulaz_koder<0>  |izlaz_dekoder<34> |   14.232|
ulaz_koder<0>  |izlaz_dekoder<35> |   14.215|
ulaz_koder<0>  |izlaz_dekoder<36> |   14.350|
ulaz_koder<0>  |izlaz_dekoder<37> |   14.403|
ulaz_koder<0>  |izlaz_dekoder<38> |   14.426|
ulaz_koder<0>  |izlaz_dekoder<39> |   14.382|
ulaz_koder<0>  |izlaz_koder<0>    |   13.291|
ulaz_koder<0>  |izlaz_koder<1>    |   13.364|
ulaz_koder<0>  |izlaz_koder<2>    |   13.479|
ulaz_koder<0>  |izlaz_koder<3>    |   12.936|
ulaz_koder<0>  |izlaz_koder<4>    |   13.017|
ulaz_koder<0>  |izlaz_koder<5>    |   13.608|
ulaz_koder<0>  |izlaz_koder<6>    |   13.595|
ulaz_koder<0>  |izlaz_koder<7>    |   13.486|
ulaz_koder<0>  |izlaz_koder<8>    |   13.512|
ulaz_koder<0>  |izlaz_koder<9>    |   13.899|
ulaz_koder<0>  |izlaz_koder<10>   |   13.195|
ulaz_koder<0>  |izlaz_koder<11>   |   13.763|
ulaz_koder<0>  |izlaz_koder<12>   |   13.745|
ulaz_koder<0>  |izlaz_koder<13>   |   13.334|
ulaz_koder<0>  |izlaz_koder<14>   |   13.533|
ulaz_koder<0>  |izlaz_koder<15>   |   13.432|
ulaz_koder<0>  |izlaz_koder<16>   |   12.411|
ulaz_koder<0>  |izlaz_koder<17>   |   12.703|
ulaz_koder<0>  |izlaz_koder<18>   |   12.882|
ulaz_koder<0>  |izlaz_koder<19>   |   12.319|
ulaz_koder<0>  |izlaz_koder<20>   |   13.180|
ulaz_koder<0>  |izlaz_koder<21>   |   13.110|
ulaz_koder<0>  |izlaz_koder<22>   |   12.939|
ulaz_koder<0>  |izlaz_koder<23>   |   12.860|
ulaz_koder<0>  |izlaz_koder<24>   |   12.871|
ulaz_koder<0>  |izlaz_koder<25>   |   13.286|
ulaz_koder<0>  |izlaz_koder<26>   |   13.197|
ulaz_koder<0>  |izlaz_koder<27>   |   13.469|
ulaz_koder<0>  |izlaz_koder<28>   |   13.404|
ulaz_koder<0>  |izlaz_koder<29>   |   13.512|
ulaz_koder<0>  |izlaz_koder<30>   |   13.454|
ulaz_koder<0>  |izlaz_koder<31>   |   13.351|
ulaz_koder<0>  |izlaz_koder<32>   |   13.061|
ulaz_koder<0>  |izlaz_koder<33>   |   12.638|
ulaz_koder<0>  |izlaz_koder<34>   |   13.404|
ulaz_koder<0>  |izlaz_koder<35>   |   13.449|
ulaz_koder<0>  |izlaz_koder<36>   |   13.653|
ulaz_koder<0>  |izlaz_koder<37>   |   13.995|
ulaz_koder<0>  |izlaz_koder<38>   |   14.442|
ulaz_koder<0>  |izlaz_koder<39>   |   14.721|
ulaz_koder<0>  |izlaz_koder<40>   |   10.901|
ulaz_koder<1>  |izlaz_dekoder<1>  |   11.077|
ulaz_koder<1>  |izlaz_dekoder<2>  |   11.183|
ulaz_koder<1>  |izlaz_dekoder<3>  |   11.571|
ulaz_koder<1>  |izlaz_dekoder<4>  |   11.539|
ulaz_koder<1>  |izlaz_dekoder<5>  |   11.629|
ulaz_koder<1>  |izlaz_dekoder<6>  |   11.422|
ulaz_koder<1>  |izlaz_dekoder<7>  |   11.467|
ulaz_koder<1>  |izlaz_dekoder<8>  |   11.615|
ulaz_koder<1>  |izlaz_dekoder<9>  |   11.705|
ulaz_koder<1>  |izlaz_dekoder<10> |   11.674|
ulaz_koder<1>  |izlaz_dekoder<11> |   11.639|
ulaz_koder<1>  |izlaz_dekoder<12> |   11.460|
ulaz_koder<1>  |izlaz_dekoder<13> |   11.520|
ulaz_koder<1>  |izlaz_dekoder<14> |   11.712|
ulaz_koder<1>  |izlaz_dekoder<15> |   11.668|
ulaz_koder<1>  |izlaz_dekoder<16> |   12.055|
ulaz_koder<1>  |izlaz_dekoder<17> |   11.949|
ulaz_koder<1>  |izlaz_dekoder<18> |   12.198|
ulaz_koder<1>  |izlaz_dekoder<19> |   12.107|
ulaz_koder<1>  |izlaz_dekoder<20> |   12.212|
ulaz_koder<1>  |izlaz_dekoder<21> |   12.523|
ulaz_koder<1>  |izlaz_dekoder<22> |   12.213|
ulaz_koder<1>  |izlaz_dekoder<23> |   12.468|
ulaz_koder<1>  |izlaz_dekoder<24> |   12.447|
ulaz_koder<1>  |izlaz_dekoder<25> |   12.607|
ulaz_koder<1>  |izlaz_dekoder<26> |   13.093|
ulaz_koder<1>  |izlaz_dekoder<27> |   12.993|
ulaz_koder<1>  |izlaz_dekoder<28> |   13.138|
ulaz_koder<1>  |izlaz_dekoder<29> |   13.276|
ulaz_koder<1>  |izlaz_dekoder<30> |   13.283|
ulaz_koder<1>  |izlaz_dekoder<31> |   13.238|
ulaz_koder<1>  |izlaz_dekoder<32> |   13.309|
ulaz_koder<1>  |izlaz_dekoder<33> |   13.594|
ulaz_koder<1>  |izlaz_dekoder<34> |   13.467|
ulaz_koder<1>  |izlaz_dekoder<35> |   13.450|
ulaz_koder<1>  |izlaz_dekoder<36> |   13.585|
ulaz_koder<1>  |izlaz_dekoder<37> |   13.638|
ulaz_koder<1>  |izlaz_dekoder<38> |   13.661|
ulaz_koder<1>  |izlaz_dekoder<39> |   13.617|
ulaz_koder<1>  |izlaz_koder<1>    |   12.535|
ulaz_koder<1>  |izlaz_koder<2>    |   12.702|
ulaz_koder<1>  |izlaz_koder<3>    |   12.175|
ulaz_koder<1>  |izlaz_koder<4>    |   12.252|
ulaz_koder<1>  |izlaz_koder<5>    |   12.843|
ulaz_koder<1>  |izlaz_koder<6>    |   12.830|
ulaz_koder<1>  |izlaz_koder<7>    |   12.721|
ulaz_koder<1>  |izlaz_koder<8>    |   12.747|
ulaz_koder<1>  |izlaz_koder<9>    |   13.134|
ulaz_koder<1>  |izlaz_koder<10>   |   12.430|
ulaz_koder<1>  |izlaz_koder<11>   |   12.998|
ulaz_koder<1>  |izlaz_koder<12>   |   12.980|
ulaz_koder<1>  |izlaz_koder<13>   |   12.569|
ulaz_koder<1>  |izlaz_koder<14>   |   12.768|
ulaz_koder<1>  |izlaz_koder<15>   |   12.667|
ulaz_koder<1>  |izlaz_koder<16>   |   11.646|
ulaz_koder<1>  |izlaz_koder<17>   |   11.938|
ulaz_koder<1>  |izlaz_koder<18>   |   12.117|
ulaz_koder<1>  |izlaz_koder<19>   |   11.554|
ulaz_koder<1>  |izlaz_koder<20>   |   12.415|
ulaz_koder<1>  |izlaz_koder<21>   |   12.345|
ulaz_koder<1>  |izlaz_koder<22>   |   12.174|
ulaz_koder<1>  |izlaz_koder<23>   |   12.095|
ulaz_koder<1>  |izlaz_koder<24>   |   12.106|
ulaz_koder<1>  |izlaz_koder<25>   |   12.521|
ulaz_koder<1>  |izlaz_koder<26>   |   12.432|
ulaz_koder<1>  |izlaz_koder<27>   |   12.704|
ulaz_koder<1>  |izlaz_koder<28>   |   12.639|
ulaz_koder<1>  |izlaz_koder<29>   |   12.747|
ulaz_koder<1>  |izlaz_koder<30>   |   12.689|
ulaz_koder<1>  |izlaz_koder<31>   |   12.586|
ulaz_koder<1>  |izlaz_koder<32>   |   12.296|
ulaz_koder<1>  |izlaz_koder<33>   |   11.873|
ulaz_koder<1>  |izlaz_koder<34>   |   12.639|
ulaz_koder<1>  |izlaz_koder<35>   |   12.684|
ulaz_koder<1>  |izlaz_koder<36>   |   12.888|
ulaz_koder<1>  |izlaz_koder<37>   |   13.230|
ulaz_koder<1>  |izlaz_koder<38>   |   13.677|
ulaz_koder<1>  |izlaz_koder<39>   |   13.956|
ulaz_koder<2>  |izlaz_dekoder<2>  |   10.476|
ulaz_koder<2>  |izlaz_dekoder<3>  |   11.137|
ulaz_koder<2>  |izlaz_dekoder<4>  |   11.105|
ulaz_koder<2>  |izlaz_dekoder<5>  |   11.195|
ulaz_koder<2>  |izlaz_dekoder<6>  |   10.998|
ulaz_koder<2>  |izlaz_dekoder<7>  |   11.043|
ulaz_koder<2>  |izlaz_dekoder<8>  |   11.191|
ulaz_koder<2>  |izlaz_dekoder<9>  |   11.281|
ulaz_koder<2>  |izlaz_dekoder<10> |   11.250|
ulaz_koder<2>  |izlaz_dekoder<11> |   11.215|
ulaz_koder<2>  |izlaz_dekoder<12> |   11.036|
ulaz_koder<2>  |izlaz_dekoder<13> |   11.096|
ulaz_koder<2>  |izlaz_dekoder<14> |   11.288|
ulaz_koder<2>  |izlaz_dekoder<15> |   11.244|
ulaz_koder<2>  |izlaz_dekoder<16> |   11.631|
ulaz_koder<2>  |izlaz_dekoder<17> |   11.525|
ulaz_koder<2>  |izlaz_dekoder<18> |   11.774|
ulaz_koder<2>  |izlaz_dekoder<19> |   11.683|
ulaz_koder<2>  |izlaz_dekoder<20> |   11.788|
ulaz_koder<2>  |izlaz_dekoder<21> |   12.099|
ulaz_koder<2>  |izlaz_dekoder<22> |   11.789|
ulaz_koder<2>  |izlaz_dekoder<23> |   12.044|
ulaz_koder<2>  |izlaz_dekoder<24> |   12.023|
ulaz_koder<2>  |izlaz_dekoder<25> |   12.183|
ulaz_koder<2>  |izlaz_dekoder<26> |   12.669|
ulaz_koder<2>  |izlaz_dekoder<27> |   12.569|
ulaz_koder<2>  |izlaz_dekoder<28> |   12.714|
ulaz_koder<2>  |izlaz_dekoder<29> |   12.852|
ulaz_koder<2>  |izlaz_dekoder<30> |   12.859|
ulaz_koder<2>  |izlaz_dekoder<31> |   12.814|
ulaz_koder<2>  |izlaz_dekoder<32> |   12.885|
ulaz_koder<2>  |izlaz_dekoder<33> |   13.170|
ulaz_koder<2>  |izlaz_dekoder<34> |   13.043|
ulaz_koder<2>  |izlaz_dekoder<35> |   13.026|
ulaz_koder<2>  |izlaz_dekoder<36> |   13.161|
ulaz_koder<2>  |izlaz_dekoder<37> |   13.214|
ulaz_koder<2>  |izlaz_dekoder<38> |   13.237|
ulaz_koder<2>  |izlaz_dekoder<39> |   13.193|
ulaz_koder<2>  |izlaz_koder<2>    |   12.268|
ulaz_koder<2>  |izlaz_koder<3>    |   11.718|
ulaz_koder<2>  |izlaz_koder<4>    |   11.868|
ulaz_koder<2>  |izlaz_koder<5>    |   12.419|
ulaz_koder<2>  |izlaz_koder<6>    |   12.406|
ulaz_koder<2>  |izlaz_koder<7>    |   12.297|
ulaz_koder<2>  |izlaz_koder<8>    |   12.323|
ulaz_koder<2>  |izlaz_koder<9>    |   12.710|
ulaz_koder<2>  |izlaz_koder<10>   |   12.006|
ulaz_koder<2>  |izlaz_koder<11>   |   12.574|
ulaz_koder<2>  |izlaz_koder<12>   |   12.642|
ulaz_koder<2>  |izlaz_koder<13>   |   12.223|
ulaz_koder<2>  |izlaz_koder<14>   |   12.430|
ulaz_koder<2>  |izlaz_koder<15>   |   12.243|
ulaz_koder<2>  |izlaz_koder<16>   |   11.308|
ulaz_koder<2>  |izlaz_koder<17>   |   11.514|
ulaz_koder<2>  |izlaz_koder<18>   |   11.693|
ulaz_koder<2>  |izlaz_koder<19>   |   11.216|
ulaz_koder<2>  |izlaz_koder<20>   |   11.991|
ulaz_koder<2>  |izlaz_koder<21>   |   11.921|
ulaz_koder<2>  |izlaz_koder<22>   |   11.836|
ulaz_koder<2>  |izlaz_koder<23>   |   11.757|
ulaz_koder<2>  |izlaz_koder<24>   |   11.682|
ulaz_koder<2>  |izlaz_koder<25>   |   12.097|
ulaz_koder<2>  |izlaz_koder<26>   |   12.094|
ulaz_koder<2>  |izlaz_koder<27>   |   12.280|
ulaz_koder<2>  |izlaz_koder<28>   |   12.215|
ulaz_koder<2>  |izlaz_koder<29>   |   12.323|
ulaz_koder<2>  |izlaz_koder<30>   |   12.265|
ulaz_koder<2>  |izlaz_koder<31>   |   12.162|
ulaz_koder<2>  |izlaz_koder<32>   |   11.872|
ulaz_koder<2>  |izlaz_koder<33>   |   11.535|
ulaz_koder<2>  |izlaz_koder<34>   |   12.301|
ulaz_koder<2>  |izlaz_koder<35>   |   12.260|
ulaz_koder<2>  |izlaz_koder<36>   |   12.550|
ulaz_koder<2>  |izlaz_koder<37>   |   12.806|
ulaz_koder<2>  |izlaz_koder<38>   |   13.253|
ulaz_koder<2>  |izlaz_koder<39>   |   13.532|
ulaz_koder<3>  |izlaz_dekoder<3>  |   10.374|
ulaz_koder<3>  |izlaz_dekoder<4>  |   10.728|
ulaz_koder<3>  |izlaz_dekoder<5>  |   10.811|
ulaz_koder<3>  |izlaz_dekoder<6>  |   10.762|
ulaz_koder<3>  |izlaz_dekoder<7>  |   10.807|
ulaz_koder<3>  |izlaz_dekoder<8>  |   10.955|
ulaz_koder<3>  |izlaz_dekoder<9>  |   11.045|
ulaz_koder<3>  |izlaz_dekoder<10> |   11.014|
ulaz_koder<3>  |izlaz_dekoder<11> |   10.979|
ulaz_koder<3>  |izlaz_dekoder<12> |   10.800|
ulaz_koder<3>  |izlaz_dekoder<13> |   10.860|
ulaz_koder<3>  |izlaz_dekoder<14> |   11.052|
ulaz_koder<3>  |izlaz_dekoder<15> |   11.008|
ulaz_koder<3>  |izlaz_dekoder<16> |   11.395|
ulaz_koder<3>  |izlaz_dekoder<17> |   11.289|
ulaz_koder<3>  |izlaz_dekoder<18> |   11.538|
ulaz_koder<3>  |izlaz_dekoder<19> |   11.447|
ulaz_koder<3>  |izlaz_dekoder<20> |   11.552|
ulaz_koder<3>  |izlaz_dekoder<21> |   11.863|
ulaz_koder<3>  |izlaz_dekoder<22> |   11.553|
ulaz_koder<3>  |izlaz_dekoder<23> |   11.808|
ulaz_koder<3>  |izlaz_dekoder<24> |   11.787|
ulaz_koder<3>  |izlaz_dekoder<25> |   11.947|
ulaz_koder<3>  |izlaz_dekoder<26> |   12.433|
ulaz_koder<3>  |izlaz_dekoder<27> |   12.333|
ulaz_koder<3>  |izlaz_dekoder<28> |   12.478|
ulaz_koder<3>  |izlaz_dekoder<29> |   12.616|
ulaz_koder<3>  |izlaz_dekoder<30> |   12.623|
ulaz_koder<3>  |izlaz_dekoder<31> |   12.578|
ulaz_koder<3>  |izlaz_dekoder<32> |   12.649|
ulaz_koder<3>  |izlaz_dekoder<33> |   12.934|
ulaz_koder<3>  |izlaz_dekoder<34> |   12.807|
ulaz_koder<3>  |izlaz_dekoder<35> |   12.790|
ulaz_koder<3>  |izlaz_dekoder<36> |   12.925|
ulaz_koder<3>  |izlaz_dekoder<37> |   12.978|
ulaz_koder<3>  |izlaz_dekoder<38> |   13.001|
ulaz_koder<3>  |izlaz_dekoder<39> |   12.957|
ulaz_koder<3>  |izlaz_koder<3>    |   11.533|
ulaz_koder<3>  |izlaz_koder<4>    |   11.781|
ulaz_koder<3>  |izlaz_koder<5>    |   12.183|
ulaz_koder<3>  |izlaz_koder<6>    |   12.170|
ulaz_koder<3>  |izlaz_koder<7>    |   12.061|
ulaz_koder<3>  |izlaz_koder<8>    |   12.087|
ulaz_koder<3>  |izlaz_koder<9>    |   12.474|
ulaz_koder<3>  |izlaz_koder<10>   |   11.893|
ulaz_koder<3>  |izlaz_koder<11>   |   12.338|
ulaz_koder<3>  |izlaz_koder<12>   |   12.555|
ulaz_koder<3>  |izlaz_koder<13>   |   12.136|
ulaz_koder<3>  |izlaz_koder<14>   |   12.343|
ulaz_koder<3>  |izlaz_koder<15>   |   12.007|
ulaz_koder<3>  |izlaz_koder<16>   |   11.221|
ulaz_koder<3>  |izlaz_koder<17>   |   11.290|
ulaz_koder<3>  |izlaz_koder<18>   |   11.531|
ulaz_koder<3>  |izlaz_koder<19>   |   11.129|
ulaz_koder<3>  |izlaz_koder<20>   |   11.755|
ulaz_koder<3>  |izlaz_koder<21>   |   11.685|
ulaz_koder<3>  |izlaz_koder<22>   |   11.749|
ulaz_koder<3>  |izlaz_koder<23>   |   11.670|
ulaz_koder<3>  |izlaz_koder<24>   |   11.575|
ulaz_koder<3>  |izlaz_koder<25>   |   11.861|
ulaz_koder<3>  |izlaz_koder<26>   |   12.007|
ulaz_koder<3>  |izlaz_koder<27>   |   12.044|
ulaz_koder<3>  |izlaz_koder<28>   |   11.979|
ulaz_koder<3>  |izlaz_koder<29>   |   12.087|
ulaz_koder<3>  |izlaz_koder<30>   |   12.029|
ulaz_koder<3>  |izlaz_koder<31>   |   11.926|
ulaz_koder<3>  |izlaz_koder<32>   |   11.636|
ulaz_koder<3>  |izlaz_koder<33>   |   11.448|
ulaz_koder<3>  |izlaz_koder<34>   |   12.214|
ulaz_koder<3>  |izlaz_koder<35>   |   12.024|
ulaz_koder<3>  |izlaz_koder<36>   |   12.463|
ulaz_koder<3>  |izlaz_koder<37>   |   12.570|
ulaz_koder<3>  |izlaz_koder<38>   |   13.017|
ulaz_koder<3>  |izlaz_koder<39>   |   13.296|
ulaz_koder<4>  |izlaz_dekoder<4>  |   10.941|
ulaz_koder<4>  |izlaz_dekoder<5>  |   11.010|
ulaz_koder<4>  |izlaz_dekoder<6>  |   10.954|
ulaz_koder<4>  |izlaz_dekoder<7>  |   10.999|
ulaz_koder<4>  |izlaz_dekoder<8>  |   11.179|
ulaz_koder<4>  |izlaz_dekoder<9>  |   11.269|
ulaz_koder<4>  |izlaz_dekoder<10> |   11.238|
ulaz_koder<4>  |izlaz_dekoder<11> |   11.203|
ulaz_koder<4>  |izlaz_dekoder<12> |   11.044|
ulaz_koder<4>  |izlaz_dekoder<13> |   11.104|
ulaz_koder<4>  |izlaz_dekoder<14> |   11.296|
ulaz_koder<4>  |izlaz_dekoder<15> |   11.252|
ulaz_koder<4>  |izlaz_dekoder<16> |   11.639|
ulaz_koder<4>  |izlaz_dekoder<17> |   11.533|
ulaz_koder<4>  |izlaz_dekoder<18> |   11.886|
ulaz_koder<4>  |izlaz_dekoder<19> |   11.795|
ulaz_koder<4>  |izlaz_dekoder<20> |   11.900|
ulaz_koder<4>  |izlaz_dekoder<21> |   12.211|
ulaz_koder<4>  |izlaz_dekoder<22> |   11.901|
ulaz_koder<4>  |izlaz_dekoder<23> |   12.156|
ulaz_koder<4>  |izlaz_dekoder<24> |   12.135|
ulaz_koder<4>  |izlaz_dekoder<25> |   12.295|
ulaz_koder<4>  |izlaz_dekoder<26> |   12.781|
ulaz_koder<4>  |izlaz_dekoder<27> |   12.681|
ulaz_koder<4>  |izlaz_dekoder<28> |   12.826|
ulaz_koder<4>  |izlaz_dekoder<29> |   12.964|
ulaz_koder<4>  |izlaz_dekoder<30> |   12.971|
ulaz_koder<4>  |izlaz_dekoder<31> |   12.926|
ulaz_koder<4>  |izlaz_dekoder<32> |   12.997|
ulaz_koder<4>  |izlaz_dekoder<33> |   13.282|
ulaz_koder<4>  |izlaz_dekoder<34> |   13.155|
ulaz_koder<4>  |izlaz_dekoder<35> |   13.138|
ulaz_koder<4>  |izlaz_dekoder<36> |   13.273|
ulaz_koder<4>  |izlaz_dekoder<37> |   13.326|
ulaz_koder<4>  |izlaz_dekoder<38> |   13.349|
ulaz_koder<4>  |izlaz_dekoder<39> |   13.305|
ulaz_koder<4>  |izlaz_koder<4>    |   11.805|
ulaz_koder<4>  |izlaz_koder<5>    |   12.375|
ulaz_koder<4>  |izlaz_koder<6>    |   12.491|
ulaz_koder<4>  |izlaz_koder<7>    |   12.370|
ulaz_koder<4>  |izlaz_koder<8>    |   12.435|
ulaz_koder<4>  |izlaz_koder<9>    |   12.822|
ulaz_koder<4>  |izlaz_koder<10>   |   12.118|
ulaz_koder<4>  |izlaz_koder<11>   |   12.686|
ulaz_koder<4>  |izlaz_koder<12>   |   12.661|
ulaz_koder<4>  |izlaz_koder<13>   |   12.257|
ulaz_koder<4>  |izlaz_koder<14>   |   12.449|
ulaz_koder<4>  |izlaz_koder<15>   |   12.355|
ulaz_koder<4>  |izlaz_koder<16>   |   11.327|
ulaz_koder<4>  |izlaz_koder<17>   |   11.626|
ulaz_koder<4>  |izlaz_koder<18>   |   11.805|
ulaz_koder<4>  |izlaz_koder<19>   |   11.235|
ulaz_koder<4>  |izlaz_koder<20>   |   12.103|
ulaz_koder<4>  |izlaz_koder<21>   |   12.033|
ulaz_koder<4>  |izlaz_koder<22>   |   11.855|
ulaz_koder<4>  |izlaz_koder<23>   |   11.776|
ulaz_koder<4>  |izlaz_koder<24>   |   11.794|
ulaz_koder<4>  |izlaz_koder<25>   |   12.209|
ulaz_koder<4>  |izlaz_koder<26>   |   12.113|
ulaz_koder<4>  |izlaz_koder<27>   |   12.392|
ulaz_koder<4>  |izlaz_koder<28>   |   12.327|
ulaz_koder<4>  |izlaz_koder<29>   |   12.435|
ulaz_koder<4>  |izlaz_koder<30>   |   12.377|
ulaz_koder<4>  |izlaz_koder<31>   |   12.274|
ulaz_koder<4>  |izlaz_koder<32>   |   11.984|
ulaz_koder<4>  |izlaz_koder<33>   |   11.554|
ulaz_koder<4>  |izlaz_koder<34>   |   12.320|
ulaz_koder<4>  |izlaz_koder<35>   |   12.372|
ulaz_koder<4>  |izlaz_koder<36>   |   12.569|
ulaz_koder<4>  |izlaz_koder<37>   |   12.918|
ulaz_koder<4>  |izlaz_koder<38>   |   13.365|
ulaz_koder<4>  |izlaz_koder<39>   |   13.644|
ulaz_koder<5>  |izlaz_dekoder<5>  |   10.754|
ulaz_koder<5>  |izlaz_dekoder<6>  |   10.705|
ulaz_koder<5>  |izlaz_dekoder<7>  |   10.791|
ulaz_koder<5>  |izlaz_dekoder<8>  |   10.998|
ulaz_koder<5>  |izlaz_dekoder<9>  |   11.088|
ulaz_koder<5>  |izlaz_dekoder<10> |   11.057|
ulaz_koder<5>  |izlaz_dekoder<11> |   11.022|
ulaz_koder<5>  |izlaz_dekoder<12> |   10.859|
ulaz_koder<5>  |izlaz_dekoder<13> |   10.919|
ulaz_koder<5>  |izlaz_dekoder<14> |   11.111|
ulaz_koder<5>  |izlaz_dekoder<15> |   11.067|
ulaz_koder<5>  |izlaz_dekoder<16> |   11.454|
ulaz_koder<5>  |izlaz_dekoder<17> |   11.348|
ulaz_koder<5>  |izlaz_dekoder<18> |   11.701|
ulaz_koder<5>  |izlaz_dekoder<19> |   11.610|
ulaz_koder<5>  |izlaz_dekoder<20> |   11.715|
ulaz_koder<5>  |izlaz_dekoder<21> |   12.026|
ulaz_koder<5>  |izlaz_dekoder<22> |   11.716|
ulaz_koder<5>  |izlaz_dekoder<23> |   11.971|
ulaz_koder<5>  |izlaz_dekoder<24> |   11.950|
ulaz_koder<5>  |izlaz_dekoder<25> |   12.110|
ulaz_koder<5>  |izlaz_dekoder<26> |   12.596|
ulaz_koder<5>  |izlaz_dekoder<27> |   12.496|
ulaz_koder<5>  |izlaz_dekoder<28> |   12.641|
ulaz_koder<5>  |izlaz_dekoder<29> |   12.779|
ulaz_koder<5>  |izlaz_dekoder<30> |   12.786|
ulaz_koder<5>  |izlaz_dekoder<31> |   12.741|
ulaz_koder<5>  |izlaz_dekoder<32> |   12.812|
ulaz_koder<5>  |izlaz_dekoder<33> |   13.097|
ulaz_koder<5>  |izlaz_dekoder<34> |   12.970|
ulaz_koder<5>  |izlaz_dekoder<35> |   12.953|
ulaz_koder<5>  |izlaz_dekoder<36> |   13.088|
ulaz_koder<5>  |izlaz_dekoder<37> |   13.141|
ulaz_koder<5>  |izlaz_dekoder<38> |   13.164|
ulaz_koder<5>  |izlaz_dekoder<39> |   13.120|
ulaz_koder<5>  |izlaz_koder<5>    |   12.126|
ulaz_koder<5>  |izlaz_koder<6>    |   12.294|
ulaz_koder<5>  |izlaz_koder<7>    |   12.189|
ulaz_koder<5>  |izlaz_koder<8>    |   12.250|
ulaz_koder<5>  |izlaz_koder<9>    |   12.637|
ulaz_koder<5>  |izlaz_koder<10>   |   11.933|
ulaz_koder<5>  |izlaz_koder<11>   |   12.501|
ulaz_koder<5>  |izlaz_koder<12>   |   12.483|
ulaz_koder<5>  |izlaz_koder<13>   |   12.072|
ulaz_koder<5>  |izlaz_koder<14>   |   12.271|
ulaz_koder<5>  |izlaz_koder<15>   |   12.170|
ulaz_koder<5>  |izlaz_koder<16>   |   11.149|
ulaz_koder<5>  |izlaz_koder<17>   |   11.441|
ulaz_koder<5>  |izlaz_koder<18>   |   11.620|
ulaz_koder<5>  |izlaz_koder<19>   |   11.057|
ulaz_koder<5>  |izlaz_koder<20>   |   11.918|
ulaz_koder<5>  |izlaz_koder<21>   |   11.848|
ulaz_koder<5>  |izlaz_koder<22>   |   11.677|
ulaz_koder<5>  |izlaz_koder<23>   |   11.598|
ulaz_koder<5>  |izlaz_koder<24>   |   11.609|
ulaz_koder<5>  |izlaz_koder<25>   |   12.024|
ulaz_koder<5>  |izlaz_koder<26>   |   11.935|
ulaz_koder<5>  |izlaz_koder<27>   |   12.207|
ulaz_koder<5>  |izlaz_koder<28>   |   12.142|
ulaz_koder<5>  |izlaz_koder<29>   |   12.250|
ulaz_koder<5>  |izlaz_koder<30>   |   12.192|
ulaz_koder<5>  |izlaz_koder<31>   |   12.089|
ulaz_koder<5>  |izlaz_koder<32>   |   11.799|
ulaz_koder<5>  |izlaz_koder<33>   |   11.376|
ulaz_koder<5>  |izlaz_koder<34>   |   12.142|
ulaz_koder<5>  |izlaz_koder<35>   |   12.187|
ulaz_koder<5>  |izlaz_koder<36>   |   12.391|
ulaz_koder<5>  |izlaz_koder<37>   |   12.733|
ulaz_koder<5>  |izlaz_koder<38>   |   13.180|
ulaz_koder<5>  |izlaz_koder<39>   |   13.459|
ulaz_koder<6>  |izlaz_dekoder<6>  |   10.367|
ulaz_koder<6>  |izlaz_dekoder<7>  |   10.542|
ulaz_koder<6>  |izlaz_dekoder<8>  |   10.749|
ulaz_koder<6>  |izlaz_dekoder<9>  |   10.839|
ulaz_koder<6>  |izlaz_dekoder<10> |   10.808|
ulaz_koder<6>  |izlaz_dekoder<11> |   10.773|
ulaz_koder<6>  |izlaz_dekoder<12> |   10.643|
ulaz_koder<6>  |izlaz_dekoder<13> |   10.703|
ulaz_koder<6>  |izlaz_dekoder<14> |   10.895|
ulaz_koder<6>  |izlaz_dekoder<15> |   10.851|
ulaz_koder<6>  |izlaz_dekoder<16> |   11.238|
ulaz_koder<6>  |izlaz_dekoder<17> |   11.132|
ulaz_koder<6>  |izlaz_dekoder<18> |   11.485|
ulaz_koder<6>  |izlaz_dekoder<19> |   11.394|
ulaz_koder<6>  |izlaz_dekoder<20> |   11.499|
ulaz_koder<6>  |izlaz_dekoder<21> |   11.810|
ulaz_koder<6>  |izlaz_dekoder<22> |   11.500|
ulaz_koder<6>  |izlaz_dekoder<23> |   11.755|
ulaz_koder<6>  |izlaz_dekoder<24> |   11.734|
ulaz_koder<6>  |izlaz_dekoder<25> |   11.894|
ulaz_koder<6>  |izlaz_dekoder<26> |   12.380|
ulaz_koder<6>  |izlaz_dekoder<27> |   12.280|
ulaz_koder<6>  |izlaz_dekoder<28> |   12.425|
ulaz_koder<6>  |izlaz_dekoder<29> |   12.563|
ulaz_koder<6>  |izlaz_dekoder<30> |   12.570|
ulaz_koder<6>  |izlaz_dekoder<31> |   12.525|
ulaz_koder<6>  |izlaz_dekoder<32> |   12.596|
ulaz_koder<6>  |izlaz_dekoder<33> |   12.881|
ulaz_koder<6>  |izlaz_dekoder<34> |   12.754|
ulaz_koder<6>  |izlaz_dekoder<35> |   12.737|
ulaz_koder<6>  |izlaz_dekoder<36> |   12.872|
ulaz_koder<6>  |izlaz_dekoder<37> |   12.925|
ulaz_koder<6>  |izlaz_dekoder<38> |   12.948|
ulaz_koder<6>  |izlaz_dekoder<39> |   12.904|
ulaz_koder<6>  |izlaz_koder<6>    |   12.068|
ulaz_koder<6>  |izlaz_koder<7>    |   11.940|
ulaz_koder<6>  |izlaz_koder<8>    |   12.034|
ulaz_koder<6>  |izlaz_koder<9>    |   12.421|
ulaz_koder<6>  |izlaz_koder<10>   |   11.771|
ulaz_koder<6>  |izlaz_koder<11>   |   12.285|
ulaz_koder<6>  |izlaz_koder<12>   |   12.433|
ulaz_koder<6>  |izlaz_koder<13>   |   12.014|
ulaz_koder<6>  |izlaz_koder<14>   |   12.221|
ulaz_koder<6>  |izlaz_koder<15>   |   11.954|
ulaz_koder<6>  |izlaz_koder<16>   |   11.099|
ulaz_koder<6>  |izlaz_koder<17>   |   11.225|
ulaz_koder<6>  |izlaz_koder<18>   |   11.409|
ulaz_koder<6>  |izlaz_koder<19>   |   11.007|
ulaz_koder<6>  |izlaz_koder<20>   |   11.702|
ulaz_koder<6>  |izlaz_koder<21>   |   11.632|
ulaz_koder<6>  |izlaz_koder<22>   |   11.627|
ulaz_koder<6>  |izlaz_koder<23>   |   11.548|
ulaz_koder<6>  |izlaz_koder<24>   |   11.453|
ulaz_koder<6>  |izlaz_koder<25>   |   11.808|
ulaz_koder<6>  |izlaz_koder<26>   |   11.885|
ulaz_koder<6>  |izlaz_koder<27>   |   11.991|
ulaz_koder<6>  |izlaz_koder<28>   |   11.926|
ulaz_koder<6>  |izlaz_koder<29>   |   12.034|
ulaz_koder<6>  |izlaz_koder<30>   |   11.976|
ulaz_koder<6>  |izlaz_koder<31>   |   11.873|
ulaz_koder<6>  |izlaz_koder<32>   |   11.583|
ulaz_koder<6>  |izlaz_koder<33>   |   11.326|
ulaz_koder<6>  |izlaz_koder<34>   |   12.092|
ulaz_koder<6>  |izlaz_koder<35>   |   11.971|
ulaz_koder<6>  |izlaz_koder<36>   |   12.341|
ulaz_koder<6>  |izlaz_koder<37>   |   12.517|
ulaz_koder<6>  |izlaz_koder<38>   |   12.964|
ulaz_koder<6>  |izlaz_koder<39>   |   13.243|
ulaz_koder<7>  |izlaz_dekoder<7>  |   10.290|
ulaz_koder<7>  |izlaz_dekoder<8>  |   10.497|
ulaz_koder<7>  |izlaz_dekoder<9>  |   10.587|
ulaz_koder<7>  |izlaz_dekoder<10> |   10.582|
ulaz_koder<7>  |izlaz_dekoder<11> |   10.547|
ulaz_koder<7>  |izlaz_dekoder<12> |   10.417|
ulaz_koder<7>  |izlaz_dekoder<13> |   10.477|
ulaz_koder<7>  |izlaz_dekoder<14> |   10.669|
ulaz_koder<7>  |izlaz_dekoder<15> |   10.625|
ulaz_koder<7>  |izlaz_dekoder<16> |   11.012|
ulaz_koder<7>  |izlaz_dekoder<17> |   10.906|
ulaz_koder<7>  |izlaz_dekoder<18> |   11.259|
ulaz_koder<7>  |izlaz_dekoder<19> |   11.168|
ulaz_koder<7>  |izlaz_dekoder<20> |   11.273|
ulaz_koder<7>  |izlaz_dekoder<21> |   11.584|
ulaz_koder<7>  |izlaz_dekoder<22> |   11.274|
ulaz_koder<7>  |izlaz_dekoder<23> |   11.529|
ulaz_koder<7>  |izlaz_dekoder<24> |   11.508|
ulaz_koder<7>  |izlaz_dekoder<25> |   11.668|
ulaz_koder<7>  |izlaz_dekoder<26> |   12.154|
ulaz_koder<7>  |izlaz_dekoder<27> |   12.054|
ulaz_koder<7>  |izlaz_dekoder<28> |   12.199|
ulaz_koder<7>  |izlaz_dekoder<29> |   12.337|
ulaz_koder<7>  |izlaz_dekoder<30> |   12.344|
ulaz_koder<7>  |izlaz_dekoder<31> |   12.299|
ulaz_koder<7>  |izlaz_dekoder<32> |   12.370|
ulaz_koder<7>  |izlaz_dekoder<33> |   12.655|
ulaz_koder<7>  |izlaz_dekoder<34> |   12.528|
ulaz_koder<7>  |izlaz_dekoder<35> |   12.511|
ulaz_koder<7>  |izlaz_dekoder<36> |   12.646|
ulaz_koder<7>  |izlaz_dekoder<37> |   12.699|
ulaz_koder<7>  |izlaz_dekoder<38> |   12.722|
ulaz_koder<7>  |izlaz_dekoder<39> |   12.678|
ulaz_koder<7>  |izlaz_koder<7>    |   11.688|
ulaz_koder<7>  |izlaz_koder<8>    |   11.808|
ulaz_koder<7>  |izlaz_koder<9>    |   12.195|
ulaz_koder<7>  |izlaz_koder<10>   |   11.491|
ulaz_koder<7>  |izlaz_koder<11>   |   12.059|
ulaz_koder<7>  |izlaz_koder<12>   |   12.040|
ulaz_koder<7>  |izlaz_koder<13>   |   11.630|
ulaz_koder<7>  |izlaz_koder<14>   |   11.828|
ulaz_koder<7>  |izlaz_koder<15>   |   11.728|
ulaz_koder<7>  |izlaz_koder<16>   |   10.706|
ulaz_koder<7>  |izlaz_koder<17>   |   10.999|
ulaz_koder<7>  |izlaz_koder<18>   |   11.178|
ulaz_koder<7>  |izlaz_koder<19>   |   10.614|
ulaz_koder<7>  |izlaz_koder<20>   |   11.476|
ulaz_koder<7>  |izlaz_koder<21>   |   11.406|
ulaz_koder<7>  |izlaz_koder<22>   |   11.234|
ulaz_koder<7>  |izlaz_koder<23>   |   11.155|
ulaz_koder<7>  |izlaz_koder<24>   |   11.167|
ulaz_koder<7>  |izlaz_koder<25>   |   11.582|
ulaz_koder<7>  |izlaz_koder<26>   |   11.492|
ulaz_koder<7>  |izlaz_koder<27>   |   11.765|
ulaz_koder<7>  |izlaz_koder<28>   |   11.700|
ulaz_koder<7>  |izlaz_koder<29>   |   11.808|
ulaz_koder<7>  |izlaz_koder<30>   |   11.750|
ulaz_koder<7>  |izlaz_koder<31>   |   11.647|
ulaz_koder<7>  |izlaz_koder<32>   |   11.357|
ulaz_koder<7>  |izlaz_koder<33>   |   10.933|
ulaz_koder<7>  |izlaz_koder<34>   |   11.699|
ulaz_koder<7>  |izlaz_koder<35>   |   11.745|
ulaz_koder<7>  |izlaz_koder<36>   |   11.948|
ulaz_koder<7>  |izlaz_koder<37>   |   12.291|
ulaz_koder<7>  |izlaz_koder<38>   |   12.738|
ulaz_koder<7>  |izlaz_koder<39>   |   13.017|
ulaz_koder<8>  |izlaz_dekoder<8>  |   10.525|
ulaz_koder<8>  |izlaz_dekoder<9>  |   10.618|
ulaz_koder<8>  |izlaz_dekoder<10> |   10.901|
ulaz_koder<8>  |izlaz_dekoder<11> |   10.847|
ulaz_koder<8>  |izlaz_dekoder<12> |   10.736|
ulaz_koder<8>  |izlaz_dekoder<13> |   10.796|
ulaz_koder<8>  |izlaz_dekoder<14> |   11.034|
ulaz_koder<8>  |izlaz_dekoder<15> |   10.978|
ulaz_koder<8>  |izlaz_dekoder<16> |   11.404|
ulaz_koder<8>  |izlaz_dekoder<17> |   11.298|
ulaz_koder<8>  |izlaz_dekoder<18> |   11.605|
ulaz_koder<8>  |izlaz_dekoder<19> |   11.514|
ulaz_koder<8>  |izlaz_dekoder<20> |   11.619|
ulaz_koder<8>  |izlaz_dekoder<21> |   11.930|
ulaz_koder<8>  |izlaz_dekoder<22> |   11.620|
ulaz_koder<8>  |izlaz_dekoder<23> |   11.875|
ulaz_koder<8>  |izlaz_dekoder<24> |   11.854|
ulaz_koder<8>  |izlaz_dekoder<25> |   12.014|
ulaz_koder<8>  |izlaz_dekoder<26> |   12.500|
ulaz_koder<8>  |izlaz_dekoder<27> |   12.400|
ulaz_koder<8>  |izlaz_dekoder<28> |   12.545|
ulaz_koder<8>  |izlaz_dekoder<29> |   12.683|
ulaz_koder<8>  |izlaz_dekoder<30> |   12.690|
ulaz_koder<8>  |izlaz_dekoder<31> |   12.645|
ulaz_koder<8>  |izlaz_dekoder<32> |   12.716|
ulaz_koder<8>  |izlaz_dekoder<33> |   13.001|
ulaz_koder<8>  |izlaz_dekoder<34> |   12.874|
ulaz_koder<8>  |izlaz_dekoder<35> |   12.857|
ulaz_koder<8>  |izlaz_dekoder<36> |   12.992|
ulaz_koder<8>  |izlaz_dekoder<37> |   13.045|
ulaz_koder<8>  |izlaz_dekoder<38> |   13.068|
ulaz_koder<8>  |izlaz_dekoder<39> |   13.024|
ulaz_koder<8>  |izlaz_koder<8>    |   12.019|
ulaz_koder<8>  |izlaz_koder<9>    |   12.385|
ulaz_koder<8>  |izlaz_koder<10>   |   11.985|
ulaz_koder<8>  |izlaz_koder<11>   |   12.366|
ulaz_koder<8>  |izlaz_koder<12>   |   12.705|
ulaz_koder<8>  |izlaz_koder<13>   |   12.286|
ulaz_koder<8>  |izlaz_koder<14>   |   12.493|
ulaz_koder<8>  |izlaz_koder<15>   |   12.074|
ulaz_koder<8>  |izlaz_koder<16>   |   11.371|
ulaz_koder<8>  |izlaz_koder<17>   |   11.440|
ulaz_koder<8>  |izlaz_koder<18>   |   11.681|
ulaz_koder<8>  |izlaz_koder<19>   |   11.279|
ulaz_koder<8>  |izlaz_koder<20>   |   11.822|
ulaz_koder<8>  |izlaz_koder<21>   |   11.752|
ulaz_koder<8>  |izlaz_koder<22>   |   11.899|
ulaz_koder<8>  |izlaz_koder<23>   |   11.820|
ulaz_koder<8>  |izlaz_koder<24>   |   11.725|
ulaz_koder<8>  |izlaz_koder<25>   |   11.928|
ulaz_koder<8>  |izlaz_koder<26>   |   12.157|
ulaz_koder<8>  |izlaz_koder<27>   |   12.111|
ulaz_koder<8>  |izlaz_koder<28>   |   12.046|
ulaz_koder<8>  |izlaz_koder<29>   |   12.154|
ulaz_koder<8>  |izlaz_koder<30>   |   12.096|
ulaz_koder<8>  |izlaz_koder<31>   |   11.993|
ulaz_koder<8>  |izlaz_koder<32>   |   11.703|
ulaz_koder<8>  |izlaz_koder<33>   |   11.598|
ulaz_koder<8>  |izlaz_koder<34>   |   12.364|
ulaz_koder<8>  |izlaz_koder<35>   |   12.091|
ulaz_koder<8>  |izlaz_koder<36>   |   12.613|
ulaz_koder<8>  |izlaz_koder<37>   |   12.637|
ulaz_koder<8>  |izlaz_koder<38>   |   13.102|
ulaz_koder<8>  |izlaz_koder<39>   |   13.363|
ulaz_koder<9>  |izlaz_dekoder<9>  |    9.959|
ulaz_koder<9>  |izlaz_dekoder<10> |   10.294|
ulaz_koder<9>  |izlaz_dekoder<11> |   10.240|
ulaz_koder<9>  |izlaz_dekoder<12> |   10.129|
ulaz_koder<9>  |izlaz_dekoder<13> |   10.189|
ulaz_koder<9>  |izlaz_dekoder<14> |   10.381|
ulaz_koder<9>  |izlaz_dekoder<15> |   10.337|
ulaz_koder<9>  |izlaz_dekoder<16> |   10.727|
ulaz_koder<9>  |izlaz_dekoder<17> |   10.621|
ulaz_koder<9>  |izlaz_dekoder<18> |   11.010|
ulaz_koder<9>  |izlaz_dekoder<19> |   10.919|
ulaz_koder<9>  |izlaz_dekoder<20> |   11.024|
ulaz_koder<9>  |izlaz_dekoder<21> |   11.335|
ulaz_koder<9>  |izlaz_dekoder<22> |   11.025|
ulaz_koder<9>  |izlaz_dekoder<23> |   11.280|
ulaz_koder<9>  |izlaz_dekoder<24> |   11.259|
ulaz_koder<9>  |izlaz_dekoder<25> |   11.419|
ulaz_koder<9>  |izlaz_dekoder<26> |   11.905|
ulaz_koder<9>  |izlaz_dekoder<27> |   11.805|
ulaz_koder<9>  |izlaz_dekoder<28> |   11.950|
ulaz_koder<9>  |izlaz_dekoder<29> |   12.088|
ulaz_koder<9>  |izlaz_dekoder<30> |   12.095|
ulaz_koder<9>  |izlaz_dekoder<31> |   12.050|
ulaz_koder<9>  |izlaz_dekoder<32> |   12.121|
ulaz_koder<9>  |izlaz_dekoder<33> |   12.406|
ulaz_koder<9>  |izlaz_dekoder<34> |   12.279|
ulaz_koder<9>  |izlaz_dekoder<35> |   12.262|
ulaz_koder<9>  |izlaz_dekoder<36> |   12.397|
ulaz_koder<9>  |izlaz_dekoder<37> |   12.450|
ulaz_koder<9>  |izlaz_dekoder<38> |   12.473|
ulaz_koder<9>  |izlaz_dekoder<39> |   12.429|
ulaz_koder<9>  |izlaz_koder<9>    |   11.726|
ulaz_koder<9>  |izlaz_koder<10>   |   11.287|
ulaz_koder<9>  |izlaz_koder<11>   |   11.775|
ulaz_koder<9>  |izlaz_koder<12>   |   12.006|
ulaz_koder<9>  |izlaz_koder<13>   |   11.587|
ulaz_koder<9>  |izlaz_koder<14>   |   11.794|
ulaz_koder<9>  |izlaz_koder<15>   |   11.479|
ulaz_koder<9>  |izlaz_koder<16>   |   10.672|
ulaz_koder<9>  |izlaz_koder<17>   |   10.750|
ulaz_koder<9>  |izlaz_koder<18>   |   10.982|
ulaz_koder<9>  |izlaz_koder<19>   |   10.580|
ulaz_koder<9>  |izlaz_koder<20>   |   11.227|
ulaz_koder<9>  |izlaz_koder<21>   |   11.157|
ulaz_koder<9>  |izlaz_koder<22>   |   11.200|
ulaz_koder<9>  |izlaz_koder<23>   |   11.121|
ulaz_koder<9>  |izlaz_koder<24>   |   11.026|
ulaz_koder<9>  |izlaz_koder<25>   |   11.333|
ulaz_koder<9>  |izlaz_koder<26>   |   11.458|
ulaz_koder<9>  |izlaz_koder<27>   |   11.516|
ulaz_koder<9>  |izlaz_koder<28>   |   11.451|
ulaz_koder<9>  |izlaz_koder<29>   |   11.559|
ulaz_koder<9>  |izlaz_koder<30>   |   11.501|
ulaz_koder<9>  |izlaz_koder<31>   |   11.398|
ulaz_koder<9>  |izlaz_koder<32>   |   11.108|
ulaz_koder<9>  |izlaz_koder<33>   |   10.899|
ulaz_koder<9>  |izlaz_koder<34>   |   11.665|
ulaz_koder<9>  |izlaz_koder<35>   |   11.496|
ulaz_koder<9>  |izlaz_koder<36>   |   11.914|
ulaz_koder<9>  |izlaz_koder<37>   |   12.042|
ulaz_koder<9>  |izlaz_koder<38>   |   12.489|
ulaz_koder<9>  |izlaz_koder<39>   |   12.768|
ulaz_koder<10> |izlaz_dekoder<10> |   10.825|
ulaz_koder<10> |izlaz_dekoder<11> |   10.771|
ulaz_koder<10> |izlaz_dekoder<12> |   10.785|
ulaz_koder<10> |izlaz_dekoder<13> |   10.824|
ulaz_koder<10> |izlaz_dekoder<14> |   11.145|
ulaz_koder<10> |izlaz_dekoder<15> |   11.089|
ulaz_koder<10> |izlaz_dekoder<16> |   11.515|
ulaz_koder<10> |izlaz_dekoder<17> |   11.409|
ulaz_koder<10> |izlaz_dekoder<18> |   11.468|
ulaz_koder<10> |izlaz_dekoder<19> |   11.377|
ulaz_koder<10> |izlaz_dekoder<20> |   11.482|
ulaz_koder<10> |izlaz_dekoder<21> |   11.793|
ulaz_koder<10> |izlaz_dekoder<22> |   11.483|
ulaz_koder<10> |izlaz_dekoder<23> |   11.738|
ulaz_koder<10> |izlaz_dekoder<24> |   11.717|
ulaz_koder<10> |izlaz_dekoder<25> |   11.877|
ulaz_koder<10> |izlaz_dekoder<26> |   12.363|
ulaz_koder<10> |izlaz_dekoder<27> |   12.263|
ulaz_koder<10> |izlaz_dekoder<28> |   12.408|
ulaz_koder<10> |izlaz_dekoder<29> |   12.546|
ulaz_koder<10> |izlaz_dekoder<30> |   12.553|
ulaz_koder<10> |izlaz_dekoder<31> |   12.508|
ulaz_koder<10> |izlaz_dekoder<32> |   12.579|
ulaz_koder<10> |izlaz_dekoder<33> |   12.864|
ulaz_koder<10> |izlaz_dekoder<34> |   12.737|
ulaz_koder<10> |izlaz_dekoder<35> |   12.720|
ulaz_koder<10> |izlaz_dekoder<36> |   12.855|
ulaz_koder<10> |izlaz_dekoder<37> |   12.908|
ulaz_koder<10> |izlaz_dekoder<38> |   12.931|
ulaz_koder<10> |izlaz_dekoder<39> |   12.887|
ulaz_koder<10> |izlaz_koder<10>   |   12.055|
ulaz_koder<10> |izlaz_koder<11>   |   12.200|
ulaz_koder<10> |izlaz_koder<12>   |   12.816|
ulaz_koder<10> |izlaz_koder<13>   |   12.397|
ulaz_koder<10> |izlaz_koder<14>   |   12.604|
ulaz_koder<10> |izlaz_koder<15>   |   11.937|
ulaz_koder<10> |izlaz_koder<16>   |   11.482|
ulaz_koder<10> |izlaz_koder<17>   |   11.551|
ulaz_koder<10> |izlaz_koder<18>   |   11.792|
ulaz_koder<10> |izlaz_koder<19>   |   11.390|
ulaz_koder<10> |izlaz_koder<20>   |   11.730|
ulaz_koder<10> |izlaz_koder<21>   |   11.615|
ulaz_koder<10> |izlaz_koder<22>   |   12.010|
ulaz_koder<10> |izlaz_koder<23>   |   11.931|
ulaz_koder<10> |izlaz_koder<24>   |   11.836|
ulaz_koder<10> |izlaz_koder<25>   |   11.791|
ulaz_koder<10> |izlaz_koder<26>   |   12.268|
ulaz_koder<10> |izlaz_koder<27>   |   11.974|
ulaz_koder<10> |izlaz_koder<28>   |   12.073|
ulaz_koder<10> |izlaz_koder<29>   |   12.017|
ulaz_koder<10> |izlaz_koder<30>   |   11.998|
ulaz_koder<10> |izlaz_koder<31>   |   11.856|
ulaz_koder<10> |izlaz_koder<32>   |   11.732|
ulaz_koder<10> |izlaz_koder<33>   |   11.709|
ulaz_koder<10> |izlaz_koder<34>   |   12.475|
ulaz_koder<10> |izlaz_koder<35>   |   11.954|
ulaz_koder<10> |izlaz_koder<36>   |   12.724|
ulaz_koder<10> |izlaz_koder<37>   |   12.717|
ulaz_koder<10> |izlaz_koder<38>   |   13.213|
ulaz_koder<10> |izlaz_koder<39>   |   13.226|
ulaz_koder<11> |izlaz_dekoder<11> |   10.099|
ulaz_koder<11> |izlaz_dekoder<12> |   10.014|
ulaz_koder<11> |izlaz_dekoder<13> |   10.111|
ulaz_koder<11> |izlaz_dekoder<14> |   10.484|
ulaz_koder<11> |izlaz_dekoder<15> |   10.444|
ulaz_koder<11> |izlaz_dekoder<16> |   10.866|
ulaz_koder<11> |izlaz_dekoder<17> |   10.760|
ulaz_koder<11> |izlaz_dekoder<18> |   11.149|
ulaz_koder<11> |izlaz_dekoder<19> |   11.058|
ulaz_koder<11> |izlaz_dekoder<20> |   11.163|
ulaz_koder<11> |izlaz_dekoder<21> |   11.474|
ulaz_koder<11> |izlaz_dekoder<22> |   11.164|
ulaz_koder<11> |izlaz_dekoder<23> |   11.419|
ulaz_koder<11> |izlaz_dekoder<24> |   11.398|
ulaz_koder<11> |izlaz_dekoder<25> |   11.558|
ulaz_koder<11> |izlaz_dekoder<26> |   12.044|
ulaz_koder<11> |izlaz_dekoder<27> |   11.944|
ulaz_koder<11> |izlaz_dekoder<28> |   12.089|
ulaz_koder<11> |izlaz_dekoder<29> |   12.227|
ulaz_koder<11> |izlaz_dekoder<30> |   12.234|
ulaz_koder<11> |izlaz_dekoder<31> |   12.189|
ulaz_koder<11> |izlaz_dekoder<32> |   12.260|
ulaz_koder<11> |izlaz_dekoder<33> |   12.545|
ulaz_koder<11> |izlaz_dekoder<34> |   12.418|
ulaz_koder<11> |izlaz_dekoder<35> |   12.401|
ulaz_koder<11> |izlaz_dekoder<36> |   12.536|
ulaz_koder<11> |izlaz_dekoder<37> |   12.589|
ulaz_koder<11> |izlaz_dekoder<38> |   12.612|
ulaz_koder<11> |izlaz_dekoder<39> |   12.568|
ulaz_koder<11> |izlaz_koder<11>   |   11.855|
ulaz_koder<11> |izlaz_koder<12>   |   11.882|
ulaz_koder<11> |izlaz_koder<13>   |   11.520|
ulaz_koder<11> |izlaz_koder<14>   |   11.670|
ulaz_koder<11> |izlaz_koder<15>   |   11.618|
ulaz_koder<11> |izlaz_koder<16>   |   10.548|
ulaz_koder<11> |izlaz_koder<17>   |   10.889|
ulaz_koder<11> |izlaz_koder<18>   |   11.068|
ulaz_koder<11> |izlaz_koder<19>   |   10.456|
ulaz_koder<11> |izlaz_koder<20>   |   11.366|
ulaz_koder<11> |izlaz_koder<21>   |   11.296|
ulaz_koder<11> |izlaz_koder<22>   |   11.076|
ulaz_koder<11> |izlaz_koder<23>   |   10.997|
ulaz_koder<11> |izlaz_koder<24>   |   11.057|
ulaz_koder<11> |izlaz_koder<25>   |   11.472|
ulaz_koder<11> |izlaz_koder<26>   |   11.334|
ulaz_koder<11> |izlaz_koder<27>   |   11.655|
ulaz_koder<11> |izlaz_koder<28>   |   11.590|
ulaz_koder<11> |izlaz_koder<29>   |   11.698|
ulaz_koder<11> |izlaz_koder<30>   |   11.640|
ulaz_koder<11> |izlaz_koder<31>   |   11.537|
ulaz_koder<11> |izlaz_koder<32>   |   11.247|
ulaz_koder<11> |izlaz_koder<33>   |   10.775|
ulaz_koder<11> |izlaz_koder<34>   |   11.541|
ulaz_koder<11> |izlaz_koder<35>   |   11.635|
ulaz_koder<11> |izlaz_koder<36>   |   11.790|
ulaz_koder<11> |izlaz_koder<37>   |   12.181|
ulaz_koder<11> |izlaz_koder<38>   |   12.628|
ulaz_koder<11> |izlaz_koder<39>   |   12.907|
ulaz_koder<12> |izlaz_dekoder<12> |   10.455|
ulaz_koder<12> |izlaz_dekoder<13> |   10.633|
ulaz_koder<12> |izlaz_dekoder<14> |   11.006|
ulaz_koder<12> |izlaz_dekoder<15> |   10.966|
ulaz_koder<12> |izlaz_dekoder<16> |   11.421|
ulaz_koder<12> |izlaz_dekoder<17> |   11.294|
ulaz_koder<12> |izlaz_dekoder<18> |   11.827|
ulaz_koder<12> |izlaz_dekoder<19> |   11.736|
ulaz_koder<12> |izlaz_dekoder<20> |   11.841|
ulaz_koder<12> |izlaz_dekoder<21> |   12.152|
ulaz_koder<12> |izlaz_dekoder<22> |   11.842|
ulaz_koder<12> |izlaz_dekoder<23> |   12.097|
ulaz_koder<12> |izlaz_dekoder<24> |   12.076|
ulaz_koder<12> |izlaz_dekoder<25> |   12.236|
ulaz_koder<12> |izlaz_dekoder<26> |   12.722|
ulaz_koder<12> |izlaz_dekoder<27> |   12.622|
ulaz_koder<12> |izlaz_dekoder<28> |   12.767|
ulaz_koder<12> |izlaz_dekoder<29> |   12.905|
ulaz_koder<12> |izlaz_dekoder<30> |   12.912|
ulaz_koder<12> |izlaz_dekoder<31> |   12.867|
ulaz_koder<12> |izlaz_dekoder<32> |   12.938|
ulaz_koder<12> |izlaz_dekoder<33> |   13.223|
ulaz_koder<12> |izlaz_dekoder<34> |   13.096|
ulaz_koder<12> |izlaz_dekoder<35> |   13.079|
ulaz_koder<12> |izlaz_dekoder<36> |   13.214|
ulaz_koder<12> |izlaz_dekoder<37> |   13.267|
ulaz_koder<12> |izlaz_dekoder<38> |   13.290|
ulaz_koder<12> |izlaz_dekoder<39> |   13.246|
ulaz_koder<12> |izlaz_koder<12>   |   12.486|
ulaz_koder<12> |izlaz_koder<13>   |   12.042|
ulaz_koder<12> |izlaz_koder<14>   |   12.335|
ulaz_koder<12> |izlaz_koder<15>   |   12.257|
ulaz_koder<12> |izlaz_koder<16>   |   11.271|
ulaz_koder<12> |izlaz_koder<17>   |   11.567|
ulaz_koder<12> |izlaz_koder<18>   |   11.746|
ulaz_koder<12> |izlaz_koder<19>   |   11.179|
ulaz_koder<12> |izlaz_koder<20>   |   12.044|
ulaz_koder<12> |izlaz_koder<21>   |   11.974|
ulaz_koder<12> |izlaz_koder<22>   |   11.799|
ulaz_koder<12> |izlaz_koder<23>   |   11.720|
ulaz_koder<12> |izlaz_koder<24>   |   11.735|
ulaz_koder<12> |izlaz_koder<25>   |   12.150|
ulaz_koder<12> |izlaz_koder<26>   |   12.057|
ulaz_koder<12> |izlaz_koder<27>   |   12.333|
ulaz_koder<12> |izlaz_koder<28>   |   12.268|
ulaz_koder<12> |izlaz_koder<29>   |   12.376|
ulaz_koder<12> |izlaz_koder<30>   |   12.318|
ulaz_koder<12> |izlaz_koder<31>   |   12.215|
ulaz_koder<12> |izlaz_koder<32>   |   11.925|
ulaz_koder<12> |izlaz_koder<33>   |   11.498|
ulaz_koder<12> |izlaz_koder<34>   |   12.264|
ulaz_koder<12> |izlaz_koder<35>   |   12.313|
ulaz_koder<12> |izlaz_koder<36>   |   12.513|
ulaz_koder<12> |izlaz_koder<37>   |   12.859|
ulaz_koder<12> |izlaz_koder<38>   |   13.306|
ulaz_koder<12> |izlaz_koder<39>   |   13.585|
ulaz_koder<13> |izlaz_dekoder<13> |    9.987|
ulaz_koder<13> |izlaz_dekoder<14> |   10.447|
ulaz_koder<13> |izlaz_dekoder<15> |   10.430|
ulaz_koder<13> |izlaz_dekoder<16> |   10.911|
ulaz_koder<13> |izlaz_dekoder<17> |   10.805|
ulaz_koder<13> |izlaz_dekoder<18> |   11.082|
ulaz_koder<13> |izlaz_dekoder<19> |   10.991|
ulaz_koder<13> |izlaz_dekoder<20> |   11.096|
ulaz_koder<13> |izlaz_dekoder<21> |   11.407|
ulaz_koder<13> |izlaz_dekoder<22> |   11.097|
ulaz_koder<13> |izlaz_dekoder<23> |   11.352|
ulaz_koder<13> |izlaz_dekoder<24> |   11.331|
ulaz_koder<13> |izlaz_dekoder<25> |   11.491|
ulaz_koder<13> |izlaz_dekoder<26> |   11.977|
ulaz_koder<13> |izlaz_dekoder<27> |   11.877|
ulaz_koder<13> |izlaz_dekoder<28> |   12.022|
ulaz_koder<13> |izlaz_dekoder<29> |   12.160|
ulaz_koder<13> |izlaz_dekoder<30> |   12.167|
ulaz_koder<13> |izlaz_dekoder<31> |   12.122|
ulaz_koder<13> |izlaz_dekoder<32> |   12.193|
ulaz_koder<13> |izlaz_dekoder<33> |   12.478|
ulaz_koder<13> |izlaz_dekoder<34> |   12.351|
ulaz_koder<13> |izlaz_dekoder<35> |   12.334|
ulaz_koder<13> |izlaz_dekoder<36> |   12.469|
ulaz_koder<13> |izlaz_dekoder<37> |   12.522|
ulaz_koder<13> |izlaz_dekoder<38> |   12.545|
ulaz_koder<13> |izlaz_dekoder<39> |   12.501|
ulaz_koder<13> |izlaz_koder<13>   |   11.649|
ulaz_koder<13> |izlaz_koder<14>   |   11.990|
ulaz_koder<13> |izlaz_koder<15>   |   11.516|
ulaz_koder<13> |izlaz_koder<16>   |   10.925|
ulaz_koder<13> |izlaz_koder<17>   |   10.994|
ulaz_koder<13> |izlaz_koder<18>   |   11.235|
ulaz_koder<13> |izlaz_koder<19>   |   10.833|
ulaz_koder<13> |izlaz_koder<20>   |   11.299|
ulaz_koder<13> |izlaz_koder<21>   |   11.229|
ulaz_koder<13> |izlaz_koder<22>   |   11.453|
ulaz_koder<13> |izlaz_koder<23>   |   11.374|
ulaz_koder<13> |izlaz_koder<24>   |   11.279|
ulaz_koder<13> |izlaz_koder<25>   |   11.405|
ulaz_koder<13> |izlaz_koder<26>   |   11.711|
ulaz_koder<13> |izlaz_koder<27>   |   11.588|
ulaz_koder<13> |izlaz_koder<28>   |   11.523|
ulaz_koder<13> |izlaz_koder<29>   |   11.631|
ulaz_koder<13> |izlaz_koder<30>   |   11.573|
ulaz_koder<13> |izlaz_koder<31>   |   11.470|
ulaz_koder<13> |izlaz_koder<32>   |   11.180|
ulaz_koder<13> |izlaz_koder<33>   |   11.152|
ulaz_koder<13> |izlaz_koder<34>   |   11.918|
ulaz_koder<13> |izlaz_koder<35>   |   11.568|
ulaz_koder<13> |izlaz_koder<36>   |   12.167|
ulaz_koder<13> |izlaz_koder<37>   |   12.160|
ulaz_koder<13> |izlaz_koder<38>   |   12.656|
ulaz_koder<13> |izlaz_koder<39>   |   12.840|
ulaz_koder<14> |izlaz_dekoder<14> |   10.037|
ulaz_koder<14> |izlaz_dekoder<15> |    9.991|
ulaz_koder<14> |izlaz_dekoder<16> |   10.517|
ulaz_koder<14> |izlaz_dekoder<17> |   10.390|
ulaz_koder<14> |izlaz_dekoder<18> |   10.923|
ulaz_koder<14> |izlaz_dekoder<19> |   10.832|
ulaz_koder<14> |izlaz_dekoder<20> |   10.937|
ulaz_koder<14> |izlaz_dekoder<21> |   11.248|
ulaz_koder<14> |izlaz_dekoder<22> |   10.938|
ulaz_koder<14> |izlaz_dekoder<23> |   11.193|
ulaz_koder<14> |izlaz_dekoder<24> |   11.172|
ulaz_koder<14> |izlaz_dekoder<25> |   11.332|
ulaz_koder<14> |izlaz_dekoder<26> |   11.818|
ulaz_koder<14> |izlaz_dekoder<27> |   11.718|
ulaz_koder<14> |izlaz_dekoder<28> |   11.863|
ulaz_koder<14> |izlaz_dekoder<29> |   12.001|
ulaz_koder<14> |izlaz_dekoder<30> |   12.008|
ulaz_koder<14> |izlaz_dekoder<31> |   11.963|
ulaz_koder<14> |izlaz_dekoder<32> |   12.034|
ulaz_koder<14> |izlaz_dekoder<33> |   12.319|
ulaz_koder<14> |izlaz_dekoder<34> |   12.192|
ulaz_koder<14> |izlaz_dekoder<35> |   12.175|
ulaz_koder<14> |izlaz_dekoder<36> |   12.310|
ulaz_koder<14> |izlaz_dekoder<37> |   12.363|
ulaz_koder<14> |izlaz_dekoder<38> |   12.386|
ulaz_koder<14> |izlaz_dekoder<39> |   12.342|
ulaz_koder<14> |izlaz_koder<14>   |   11.555|
ulaz_koder<14> |izlaz_koder<15>   |   11.324|
ulaz_koder<14> |izlaz_koder<16>   |   10.532|
ulaz_koder<14> |izlaz_koder<17>   |   10.663|
ulaz_koder<14> |izlaz_koder<18>   |   10.842|
ulaz_koder<14> |izlaz_koder<19>   |   10.440|
ulaz_koder<14> |izlaz_koder<20>   |   11.140|
ulaz_koder<14> |izlaz_koder<21>   |   11.070|
ulaz_koder<14> |izlaz_koder<22>   |   11.060|
ulaz_koder<14> |izlaz_koder<23>   |   10.981|
ulaz_koder<14> |izlaz_koder<24>   |   10.886|
ulaz_koder<14> |izlaz_koder<25>   |   11.246|
ulaz_koder<14> |izlaz_koder<26>   |   11.318|
ulaz_koder<14> |izlaz_koder<27>   |   11.429|
ulaz_koder<14> |izlaz_koder<28>   |   11.364|
ulaz_koder<14> |izlaz_koder<29>   |   11.472|
ulaz_koder<14> |izlaz_koder<30>   |   11.414|
ulaz_koder<14> |izlaz_koder<31>   |   11.311|
ulaz_koder<14> |izlaz_koder<32>   |   11.021|
ulaz_koder<14> |izlaz_koder<33>   |   10.759|
ulaz_koder<14> |izlaz_koder<34>   |   11.525|
ulaz_koder<14> |izlaz_koder<35>   |   11.409|
ulaz_koder<14> |izlaz_koder<36>   |   11.774|
ulaz_koder<14> |izlaz_koder<37>   |   11.955|
ulaz_koder<14> |izlaz_koder<38>   |   12.402|
ulaz_koder<14> |izlaz_koder<39>   |   12.681|
ulaz_koder<15> |izlaz_dekoder<15> |   10.245|
ulaz_koder<15> |izlaz_dekoder<16> |   10.726|
ulaz_koder<15> |izlaz_dekoder<17> |   10.620|
ulaz_koder<15> |izlaz_dekoder<18> |   10.839|
ulaz_koder<15> |izlaz_dekoder<19> |   10.748|
ulaz_koder<15> |izlaz_dekoder<20> |   10.853|
ulaz_koder<15> |izlaz_dekoder<21> |   11.164|
ulaz_koder<15> |izlaz_dekoder<22> |   10.854|
ulaz_koder<15> |izlaz_dekoder<23> |   11.109|
ulaz_koder<15> |izlaz_dekoder<24> |   11.088|
ulaz_koder<15> |izlaz_dekoder<25> |   11.248|
ulaz_koder<15> |izlaz_dekoder<26> |   11.734|
ulaz_koder<15> |izlaz_dekoder<27> |   11.634|
ulaz_koder<15> |izlaz_dekoder<28> |   11.779|
ulaz_koder<15> |izlaz_dekoder<29> |   11.917|
ulaz_koder<15> |izlaz_dekoder<30> |   11.924|
ulaz_koder<15> |izlaz_dekoder<31> |   11.879|
ulaz_koder<15> |izlaz_dekoder<32> |   11.950|
ulaz_koder<15> |izlaz_dekoder<33> |   12.235|
ulaz_koder<15> |izlaz_dekoder<34> |   12.108|
ulaz_koder<15> |izlaz_dekoder<35> |   12.091|
ulaz_koder<15> |izlaz_dekoder<36> |   12.226|
ulaz_koder<15> |izlaz_dekoder<37> |   12.279|
ulaz_koder<15> |izlaz_dekoder<38> |   12.302|
ulaz_koder<15> |izlaz_dekoder<39> |   12.258|
ulaz_koder<15> |izlaz_koder<15>   |   11.214|
ulaz_koder<15> |izlaz_koder<16>   |   10.788|
ulaz_koder<15> |izlaz_koder<17>   |   10.857|
ulaz_koder<15> |izlaz_koder<18>   |   11.098|
ulaz_koder<15> |izlaz_koder<19>   |   10.696|
ulaz_koder<15> |izlaz_koder<20>   |   11.056|
ulaz_koder<15> |izlaz_koder<21>   |   10.986|
ulaz_koder<15> |izlaz_koder<22>   |   11.316|
ulaz_koder<15> |izlaz_koder<23>   |   11.237|
ulaz_koder<15> |izlaz_koder<24>   |   11.142|
ulaz_koder<15> |izlaz_koder<25>   |   11.162|
ulaz_koder<15> |izlaz_koder<26>   |   11.574|
ulaz_koder<15> |izlaz_koder<27>   |   11.345|
ulaz_koder<15> |izlaz_koder<28>   |   11.379|
ulaz_koder<15> |izlaz_koder<29>   |   11.388|
ulaz_koder<15> |izlaz_koder<30>   |   11.330|
ulaz_koder<15> |izlaz_koder<31>   |   11.227|
ulaz_koder<15> |izlaz_koder<32>   |   11.038|
ulaz_koder<15> |izlaz_koder<33>   |   11.015|
ulaz_koder<15> |izlaz_koder<34>   |   11.781|
ulaz_koder<15> |izlaz_koder<35>   |   11.325|
ulaz_koder<15> |izlaz_koder<36>   |   12.030|
ulaz_koder<15> |izlaz_koder<37>   |   12.023|
ulaz_koder<15> |izlaz_koder<38>   |   12.519|
ulaz_koder<15> |izlaz_koder<39>   |   12.597|
ulaz_koder<16> |izlaz_dekoder<16> |   10.390|
ulaz_koder<16> |izlaz_dekoder<17> |   10.263|
ulaz_koder<16> |izlaz_dekoder<18> |   10.904|
ulaz_koder<16> |izlaz_dekoder<19> |   10.813|
ulaz_koder<16> |izlaz_dekoder<20> |   10.918|
ulaz_koder<16> |izlaz_dekoder<21> |   11.229|
ulaz_koder<16> |izlaz_dekoder<22> |   10.919|
ulaz_koder<16> |izlaz_dekoder<23> |   11.174|
ulaz_koder<16> |izlaz_dekoder<24> |   11.153|
ulaz_koder<16> |izlaz_dekoder<25> |   11.313|
ulaz_koder<16> |izlaz_dekoder<26> |   11.799|
ulaz_koder<16> |izlaz_dekoder<27> |   11.699|
ulaz_koder<16> |izlaz_dekoder<28> |   11.844|
ulaz_koder<16> |izlaz_dekoder<29> |   11.982|
ulaz_koder<16> |izlaz_dekoder<30> |   11.989|
ulaz_koder<16> |izlaz_dekoder<31> |   11.944|
ulaz_koder<16> |izlaz_dekoder<32> |   12.015|
ulaz_koder<16> |izlaz_dekoder<33> |   12.300|
ulaz_koder<16> |izlaz_dekoder<34> |   12.173|
ulaz_koder<16> |izlaz_dekoder<35> |   12.156|
ulaz_koder<16> |izlaz_dekoder<36> |   12.291|
ulaz_koder<16> |izlaz_dekoder<37> |   12.344|
ulaz_koder<16> |izlaz_dekoder<38> |   12.367|
ulaz_koder<16> |izlaz_dekoder<39> |   12.323|
ulaz_koder<16> |izlaz_koder<16>   |   10.614|
ulaz_koder<16> |izlaz_koder<17>   |   10.655|
ulaz_koder<16> |izlaz_koder<18>   |   10.985|
ulaz_koder<16> |izlaz_koder<19>   |   10.600|
ulaz_koder<16> |izlaz_koder<20>   |   11.148|
ulaz_koder<16> |izlaz_koder<21>   |   11.078|
ulaz_koder<16> |izlaz_koder<22>   |   11.261|
ulaz_koder<16> |izlaz_koder<23>   |   11.182|
ulaz_koder<16> |izlaz_koder<24>   |   11.087|
ulaz_koder<16> |izlaz_koder<25>   |   11.254|
ulaz_koder<16> |izlaz_koder<26>   |   11.519|
ulaz_koder<16> |izlaz_koder<27>   |   11.437|
ulaz_koder<16> |izlaz_koder<28>   |   11.372|
ulaz_koder<16> |izlaz_koder<29>   |   11.480|
ulaz_koder<16> |izlaz_koder<30>   |   11.422|
ulaz_koder<16> |izlaz_koder<31>   |   11.319|
ulaz_koder<16> |izlaz_koder<32>   |   11.029|
ulaz_koder<16> |izlaz_koder<33>   |   10.960|
ulaz_koder<16> |izlaz_koder<34>   |   11.726|
ulaz_koder<16> |izlaz_koder<35>   |   11.417|
ulaz_koder<16> |izlaz_koder<36>   |   11.975|
ulaz_koder<16> |izlaz_koder<37>   |   11.968|
ulaz_koder<16> |izlaz_koder<38>   |   12.464|
ulaz_koder<16> |izlaz_koder<39>   |   12.689|
ulaz_koder<17> |izlaz_dekoder<17> |    9.928|
ulaz_koder<17> |izlaz_dekoder<18> |   10.718|
ulaz_koder<17> |izlaz_dekoder<19> |   10.627|
ulaz_koder<17> |izlaz_dekoder<20> |   10.732|
ulaz_koder<17> |izlaz_dekoder<21> |   11.043|
ulaz_koder<17> |izlaz_dekoder<22> |   10.733|
ulaz_koder<17> |izlaz_dekoder<23> |   10.988|
ulaz_koder<17> |izlaz_dekoder<24> |   10.967|
ulaz_koder<17> |izlaz_dekoder<25> |   11.127|
ulaz_koder<17> |izlaz_dekoder<26> |   11.613|
ulaz_koder<17> |izlaz_dekoder<27> |   11.513|
ulaz_koder<17> |izlaz_dekoder<28> |   11.658|
ulaz_koder<17> |izlaz_dekoder<29> |   11.796|
ulaz_koder<17> |izlaz_dekoder<30> |   11.803|
ulaz_koder<17> |izlaz_dekoder<31> |   11.758|
ulaz_koder<17> |izlaz_dekoder<32> |   11.829|
ulaz_koder<17> |izlaz_dekoder<33> |   12.114|
ulaz_koder<17> |izlaz_dekoder<34> |   11.987|
ulaz_koder<17> |izlaz_dekoder<35> |   11.970|
ulaz_koder<17> |izlaz_dekoder<36> |   12.105|
ulaz_koder<17> |izlaz_dekoder<37> |   12.158|
ulaz_koder<17> |izlaz_dekoder<38> |   12.181|
ulaz_koder<17> |izlaz_dekoder<39> |   12.137|
ulaz_koder<17> |izlaz_koder<17>   |   10.573|
ulaz_koder<17> |izlaz_koder<18>   |   10.948|
ulaz_koder<17> |izlaz_koder<19>   |   10.569|
ulaz_koder<17> |izlaz_koder<20>   |   10.974|
ulaz_koder<17> |izlaz_koder<21>   |   10.904|
ulaz_koder<17> |izlaz_koder<22>   |   11.223|
ulaz_koder<17> |izlaz_koder<23>   |   11.144|
ulaz_koder<17> |izlaz_koder<24>   |   11.049|
ulaz_koder<17> |izlaz_koder<25>   |   11.080|
ulaz_koder<17> |izlaz_koder<26>   |   11.481|
ulaz_koder<17> |izlaz_koder<27>   |   11.263|
ulaz_koder<17> |izlaz_koder<28>   |   11.286|
ulaz_koder<17> |izlaz_koder<29>   |   11.306|
ulaz_koder<17> |izlaz_koder<30>   |   11.248|
ulaz_koder<17> |izlaz_koder<31>   |   11.145|
ulaz_koder<17> |izlaz_koder<32>   |   10.945|
ulaz_koder<17> |izlaz_koder<33>   |   10.922|
ulaz_koder<17> |izlaz_koder<34>   |   11.688|
ulaz_koder<17> |izlaz_koder<35>   |   11.243|
ulaz_koder<17> |izlaz_koder<36>   |   11.937|
ulaz_koder<17> |izlaz_koder<37>   |   11.930|
ulaz_koder<17> |izlaz_koder<38>   |   12.426|
ulaz_koder<17> |izlaz_koder<39>   |   12.515|
ulaz_koder<18> |izlaz_dekoder<18> |   11.023|
ulaz_koder<18> |izlaz_dekoder<19> |   10.932|
ulaz_koder<18> |izlaz_dekoder<20> |   11.037|
ulaz_koder<18> |izlaz_dekoder<21> |   11.348|
ulaz_koder<18> |izlaz_dekoder<22> |   11.038|
ulaz_koder<18> |izlaz_dekoder<23> |   11.293|
ulaz_koder<18> |izlaz_dekoder<24> |   11.272|
ulaz_koder<18> |izlaz_dekoder<25> |   11.432|
ulaz_koder<18> |izlaz_dekoder<26> |   11.918|
ulaz_koder<18> |izlaz_dekoder<27> |   11.818|
ulaz_koder<18> |izlaz_dekoder<28> |   11.963|
ulaz_koder<18> |izlaz_dekoder<29> |   12.101|
ulaz_koder<18> |izlaz_dekoder<30> |   12.108|
ulaz_koder<18> |izlaz_dekoder<31> |   12.063|
ulaz_koder<18> |izlaz_dekoder<32> |   12.134|
ulaz_koder<18> |izlaz_dekoder<33> |   12.419|
ulaz_koder<18> |izlaz_dekoder<34> |   12.292|
ulaz_koder<18> |izlaz_dekoder<35> |   12.275|
ulaz_koder<18> |izlaz_dekoder<36> |   12.410|
ulaz_koder<18> |izlaz_dekoder<37> |   12.463|
ulaz_koder<18> |izlaz_dekoder<38> |   12.486|
ulaz_koder<18> |izlaz_dekoder<39> |   12.442|
ulaz_koder<18> |izlaz_koder<18>   |   10.942|
ulaz_koder<18> |izlaz_koder<19>   |   10.510|
ulaz_koder<18> |izlaz_koder<20>   |   11.289|
ulaz_koder<18> |izlaz_koder<21>   |   11.219|
ulaz_koder<18> |izlaz_koder<22>   |   11.210|
ulaz_koder<18> |izlaz_koder<23>   |   11.131|
ulaz_koder<18> |izlaz_koder<24>   |   11.036|
ulaz_koder<18> |izlaz_koder<25>   |   11.395|
ulaz_koder<18> |izlaz_koder<26>   |   11.468|
ulaz_koder<18> |izlaz_koder<27>   |   11.578|
ulaz_koder<18> |izlaz_koder<28>   |   11.513|
ulaz_koder<18> |izlaz_koder<29>   |   11.621|
ulaz_koder<18> |izlaz_koder<30>   |   11.563|
ulaz_koder<18> |izlaz_koder<31>   |   11.460|
ulaz_koder<18> |izlaz_koder<32>   |   11.170|
ulaz_koder<18> |izlaz_koder<33>   |   10.909|
ulaz_koder<18> |izlaz_koder<34>   |   11.675|
ulaz_koder<18> |izlaz_koder<35>   |   11.558|
ulaz_koder<18> |izlaz_koder<36>   |   11.924|
ulaz_koder<18> |izlaz_koder<37>   |   12.104|
ulaz_koder<18> |izlaz_koder<38>   |   12.551|
ulaz_koder<18> |izlaz_koder<39>   |   12.830|
ulaz_koder<19> |izlaz_dekoder<19> |   10.038|
ulaz_koder<19> |izlaz_dekoder<20> |   10.240|
ulaz_koder<19> |izlaz_dekoder<21> |   10.530|
ulaz_koder<19> |izlaz_dekoder<22> |   10.349|
ulaz_koder<19> |izlaz_dekoder<23> |   10.592|
ulaz_koder<19> |izlaz_dekoder<24> |   10.610|
ulaz_koder<19> |izlaz_dekoder<25> |   10.770|
ulaz_koder<19> |izlaz_dekoder<26> |   11.256|
ulaz_koder<19> |izlaz_dekoder<27> |   11.156|
ulaz_koder<19> |izlaz_dekoder<28> |   11.301|
ulaz_koder<19> |izlaz_dekoder<29> |   11.439|
ulaz_koder<19> |izlaz_dekoder<30> |   11.446|
ulaz_koder<19> |izlaz_dekoder<31> |   11.401|
ulaz_koder<19> |izlaz_dekoder<32> |   11.472|
ulaz_koder<19> |izlaz_dekoder<33> |   11.757|
ulaz_koder<19> |izlaz_dekoder<34> |   11.650|
ulaz_koder<19> |izlaz_dekoder<35> |   11.621|
ulaz_koder<19> |izlaz_dekoder<36> |   11.795|
ulaz_koder<19> |izlaz_dekoder<37> |   11.848|
ulaz_koder<19> |izlaz_dekoder<38> |   11.871|
ulaz_koder<19> |izlaz_dekoder<39> |   11.827|
ulaz_koder<19> |izlaz_koder<19>   |   10.240|
ulaz_koder<19> |izlaz_koder<20>   |   10.971|
ulaz_koder<19> |izlaz_koder<21>   |   10.901|
ulaz_koder<19> |izlaz_koder<22>   |   10.942|
ulaz_koder<19> |izlaz_koder<23>   |   10.863|
ulaz_koder<19> |izlaz_koder<24>   |   10.768|
ulaz_koder<19> |izlaz_koder<25>   |   11.077|
ulaz_koder<19> |izlaz_koder<26>   |   11.200|
ulaz_koder<19> |izlaz_koder<27>   |   11.260|
ulaz_koder<19> |izlaz_koder<28>   |   11.195|
ulaz_koder<19> |izlaz_koder<29>   |   11.303|
ulaz_koder<19> |izlaz_koder<30>   |   11.245|
ulaz_koder<19> |izlaz_koder<31>   |   11.142|
ulaz_koder<19> |izlaz_koder<32>   |   10.852|
ulaz_koder<19> |izlaz_koder<33>   |   10.641|
ulaz_koder<19> |izlaz_koder<34>   |   11.407|
ulaz_koder<19> |izlaz_koder<35>   |   11.240|
ulaz_koder<19> |izlaz_koder<36>   |   11.656|
ulaz_koder<19> |izlaz_koder<37>   |   11.786|
ulaz_koder<19> |izlaz_koder<38>   |   12.233|
ulaz_koder<19> |izlaz_koder<39>   |   12.512|
ulaz_koder<20> |izlaz_dekoder<20> |   10.214|
ulaz_koder<20> |izlaz_dekoder<21> |   10.504|
ulaz_koder<20> |izlaz_dekoder<22> |   10.323|
ulaz_koder<20> |izlaz_dekoder<23> |   10.566|
ulaz_koder<20> |izlaz_dekoder<24> |   10.584|
ulaz_koder<20> |izlaz_dekoder<25> |   10.744|
ulaz_koder<20> |izlaz_dekoder<26> |   11.242|
ulaz_koder<20> |izlaz_dekoder<27> |   11.130|
ulaz_koder<20> |izlaz_dekoder<28> |   11.336|
ulaz_koder<20> |izlaz_dekoder<29> |   11.474|
ulaz_koder<20> |izlaz_dekoder<30> |   11.481|
ulaz_koder<20> |izlaz_dekoder<31> |   11.437|
ulaz_koder<20> |izlaz_dekoder<32> |   11.543|
ulaz_koder<20> |izlaz_dekoder<33> |   11.828|
ulaz_koder<20> |izlaz_dekoder<34> |   11.759|
ulaz_koder<20> |izlaz_dekoder<35> |   11.730|
ulaz_koder<20> |izlaz_dekoder<36> |   11.904|
ulaz_koder<20> |izlaz_dekoder<37> |   11.957|
ulaz_koder<20> |izlaz_dekoder<38> |   11.980|
ulaz_koder<20> |izlaz_dekoder<39> |   11.936|
ulaz_koder<20> |izlaz_koder<20>   |   10.945|
ulaz_koder<20> |izlaz_koder<21>   |   10.854|
ulaz_koder<20> |izlaz_koder<22>   |   11.284|
ulaz_koder<20> |izlaz_koder<23>   |   11.222|
ulaz_koder<20> |izlaz_koder<24>   |   11.168|
ulaz_koder<20> |izlaz_koder<25>   |   11.186|
ulaz_koder<20> |izlaz_koder<26>   |   11.600|
ulaz_koder<20> |izlaz_koder<27>   |   11.369|
ulaz_koder<20> |izlaz_koder<28>   |   11.405|
ulaz_koder<20> |izlaz_koder<29>   |   11.412|
ulaz_koder<20> |izlaz_koder<30>   |   11.354|
ulaz_koder<20> |izlaz_koder<31>   |   11.251|
ulaz_koder<20> |izlaz_koder<32>   |   11.064|
ulaz_koder<20> |izlaz_koder<33>   |   11.041|
ulaz_koder<20> |izlaz_koder<34>   |   11.807|
ulaz_koder<20> |izlaz_koder<35>   |   11.349|
ulaz_koder<20> |izlaz_koder<36>   |   12.056|
ulaz_koder<20> |izlaz_koder<37>   |   12.049|
ulaz_koder<20> |izlaz_koder<38>   |   12.545|
ulaz_koder<20> |izlaz_koder<39>   |   12.621|
ulaz_koder<21> |izlaz_dekoder<21> |   10.353|
ulaz_koder<21> |izlaz_dekoder<22> |   10.293|
ulaz_koder<21> |izlaz_dekoder<23> |   10.529|
ulaz_koder<21> |izlaz_dekoder<24> |   10.589|
ulaz_koder<21> |izlaz_dekoder<25> |   10.749|
ulaz_koder<21> |izlaz_dekoder<26> |   11.253|
ulaz_koder<21> |izlaz_dekoder<27> |   11.141|
ulaz_koder<21> |izlaz_dekoder<28> |   11.325|
ulaz_koder<21> |izlaz_dekoder<29> |   11.463|
ulaz_koder<21> |izlaz_dekoder<30> |   11.513|
ulaz_koder<21> |izlaz_dekoder<31> |   11.472|
ulaz_koder<21> |izlaz_dekoder<32> |   11.578|
ulaz_koder<21> |izlaz_dekoder<33> |   11.863|
ulaz_koder<21> |izlaz_dekoder<34> |   11.794|
ulaz_koder<21> |izlaz_dekoder<35> |   11.765|
ulaz_koder<21> |izlaz_dekoder<36> |   11.939|
ulaz_koder<21> |izlaz_dekoder<37> |   11.992|
ulaz_koder<21> |izlaz_dekoder<38> |   12.015|
ulaz_koder<21> |izlaz_dekoder<39> |   11.971|
ulaz_koder<21> |izlaz_koder<21>   |   10.825|
ulaz_koder<21> |izlaz_koder<22>   |   11.212|
ulaz_koder<21> |izlaz_koder<23>   |   11.156|
ulaz_koder<21> |izlaz_koder<24>   |   11.095|
ulaz_koder<21> |izlaz_koder<25>   |   11.221|
ulaz_koder<21> |izlaz_koder<26>   |   11.527|
ulaz_koder<21> |izlaz_koder<27>   |   11.404|
ulaz_koder<21> |izlaz_koder<28>   |   11.339|
ulaz_koder<21> |izlaz_koder<29>   |   11.447|
ulaz_koder<21> |izlaz_koder<30>   |   11.389|
ulaz_koder<21> |izlaz_koder<31>   |   11.286|
ulaz_koder<21> |izlaz_koder<32>   |   10.996|
ulaz_koder<21> |izlaz_koder<33>   |   10.968|
ulaz_koder<21> |izlaz_koder<34>   |   11.734|
ulaz_koder<21> |izlaz_koder<35>   |   11.384|
ulaz_koder<21> |izlaz_koder<36>   |   11.983|
ulaz_koder<21> |izlaz_koder<37>   |   11.976|
ulaz_koder<21> |izlaz_koder<38>   |   12.472|
ulaz_koder<21> |izlaz_koder<39>   |   12.656|
ulaz_koder<22> |izlaz_dekoder<22> |   10.283|
ulaz_koder<22> |izlaz_dekoder<23> |   10.519|
ulaz_koder<22> |izlaz_dekoder<24> |   10.566|
ulaz_koder<22> |izlaz_dekoder<25> |   10.726|
ulaz_koder<22> |izlaz_dekoder<26> |   11.253|
ulaz_koder<22> |izlaz_dekoder<27> |   11.141|
ulaz_koder<22> |izlaz_dekoder<28> |   11.325|
ulaz_koder<22> |izlaz_dekoder<29> |   11.463|
ulaz_koder<22> |izlaz_dekoder<30> |   11.513|
ulaz_koder<22> |izlaz_dekoder<31> |   11.472|
ulaz_koder<22> |izlaz_dekoder<32> |   11.578|
ulaz_koder<22> |izlaz_dekoder<33> |   11.863|
ulaz_koder<22> |izlaz_dekoder<34> |   11.794|
ulaz_koder<22> |izlaz_dekoder<35> |   11.765|
ulaz_koder<22> |izlaz_dekoder<36> |   11.939|
ulaz_koder<22> |izlaz_dekoder<37> |   11.992|
ulaz_koder<22> |izlaz_dekoder<38> |   12.015|
ulaz_koder<22> |izlaz_dekoder<39> |   11.971|
ulaz_koder<22> |izlaz_koder<22>   |   11.081|
ulaz_koder<22> |izlaz_koder<23>   |   11.021|
ulaz_koder<22> |izlaz_koder<24>   |   11.006|
ulaz_koder<22> |izlaz_koder<25>   |   11.221|
ulaz_koder<22> |izlaz_koder<26>   |   11.438|
ulaz_koder<22> |izlaz_koder<27>   |   11.404|
ulaz_koder<22> |izlaz_koder<28>   |   11.339|
ulaz_koder<22> |izlaz_koder<29>   |   11.447|
ulaz_koder<22> |izlaz_koder<30>   |   11.389|
ulaz_koder<22> |izlaz_koder<31>   |   11.286|
ulaz_koder<22> |izlaz_koder<32>   |   10.996|
ulaz_koder<22> |izlaz_koder<33>   |   10.879|
ulaz_koder<22> |izlaz_koder<34>   |   11.645|
ulaz_koder<22> |izlaz_koder<35>   |   11.384|
ulaz_koder<22> |izlaz_koder<36>   |   11.894|
ulaz_koder<22> |izlaz_koder<37>   |   11.930|
ulaz_koder<22> |izlaz_koder<38>   |   12.383|
ulaz_koder<22> |izlaz_koder<39>   |   12.656|
ulaz_koder<23> |izlaz_dekoder<23> |   10.420|
ulaz_koder<23> |izlaz_dekoder<24> |   10.493|
ulaz_koder<23> |izlaz_dekoder<25> |   10.653|
ulaz_koder<23> |izlaz_dekoder<26> |   11.216|
ulaz_koder<23> |izlaz_dekoder<27> |   11.104|
ulaz_koder<23> |izlaz_dekoder<28> |   11.288|
ulaz_koder<23> |izlaz_dekoder<29> |   11.426|
ulaz_koder<23> |izlaz_dekoder<30> |   11.476|
ulaz_koder<23> |izlaz_dekoder<31> |   11.435|
ulaz_koder<23> |izlaz_dekoder<32> |   11.541|
ulaz_koder<23> |izlaz_dekoder<33> |   11.826|
ulaz_koder<23> |izlaz_dekoder<34> |   11.757|
ulaz_koder<23> |izlaz_dekoder<35> |   11.728|
ulaz_koder<23> |izlaz_dekoder<36> |   11.902|
ulaz_koder<23> |izlaz_dekoder<37> |   11.955|
ulaz_koder<23> |izlaz_dekoder<38> |   11.978|
ulaz_koder<23> |izlaz_dekoder<39> |   11.934|
ulaz_koder<23> |izlaz_koder<23>   |   10.647|
ulaz_koder<23> |izlaz_koder<24>   |   10.769|
ulaz_koder<23> |izlaz_koder<25>   |   11.184|
ulaz_koder<23> |izlaz_koder<26>   |   11.066|
ulaz_koder<23> |izlaz_koder<27>   |   11.367|
ulaz_koder<23> |izlaz_koder<28>   |   11.302|
ulaz_koder<23> |izlaz_koder<29>   |   11.410|
ulaz_koder<23> |izlaz_koder<30>   |   11.352|
ulaz_koder<23> |izlaz_koder<31>   |   11.249|
ulaz_koder<23> |izlaz_koder<32>   |   10.959|
ulaz_koder<23> |izlaz_koder<33>   |   10.507|
ulaz_koder<23> |izlaz_koder<34>   |   11.273|
ulaz_koder<23> |izlaz_koder<35>   |   11.347|
ulaz_koder<23> |izlaz_koder<36>   |   11.522|
ulaz_koder<23> |izlaz_koder<37>   |   11.893|
ulaz_koder<23> |izlaz_koder<38>   |   12.340|
ulaz_koder<23> |izlaz_koder<39>   |   12.619|
ulaz_koder<24> |izlaz_dekoder<24> |   10.516|
ulaz_koder<24> |izlaz_dekoder<25> |   10.655|
ulaz_koder<24> |izlaz_dekoder<26> |   11.396|
ulaz_koder<24> |izlaz_dekoder<27> |   11.277|
ulaz_koder<24> |izlaz_dekoder<28> |   11.490|
ulaz_koder<24> |izlaz_dekoder<29> |   11.628|
ulaz_koder<24> |izlaz_dekoder<30> |   11.665|
ulaz_koder<24> |izlaz_dekoder<31> |   11.624|
ulaz_koder<24> |izlaz_dekoder<32> |   11.730|
ulaz_koder<24> |izlaz_dekoder<33> |   12.015|
ulaz_koder<24> |izlaz_dekoder<34> |   11.946|
ulaz_koder<24> |izlaz_dekoder<35> |   11.917|
ulaz_koder<24> |izlaz_dekoder<36> |   12.091|
ulaz_koder<24> |izlaz_dekoder<37> |   12.144|
ulaz_koder<24> |izlaz_dekoder<38> |   12.167|
ulaz_koder<24> |izlaz_dekoder<39> |   12.123|
ulaz_koder<24> |izlaz_koder<24>   |   11.261|
ulaz_koder<24> |izlaz_koder<25>   |   11.217|
ulaz_koder<24> |izlaz_koder<26>   |   11.754|
ulaz_koder<24> |izlaz_koder<27>   |   11.517|
ulaz_koder<24> |izlaz_koder<28>   |   11.617|
ulaz_koder<24> |izlaz_koder<29>   |   11.599|
ulaz_koder<24> |izlaz_koder<30>   |   11.542|
ulaz_koder<24> |izlaz_koder<31>   |   11.438|
ulaz_koder<24> |izlaz_koder<32>   |   11.276|
ulaz_koder<24> |izlaz_koder<33>   |   11.253|
ulaz_koder<24> |izlaz_koder<34>   |   12.019|
ulaz_koder<24> |izlaz_koder<35>   |   11.536|
ulaz_koder<24> |izlaz_koder<36>   |   12.268|
ulaz_koder<24> |izlaz_koder<37>   |   12.261|
ulaz_koder<24> |izlaz_koder<38>   |   12.757|
ulaz_koder<24> |izlaz_koder<39>   |   12.808|
ulaz_koder<25> |izlaz_dekoder<25> |   10.532|
ulaz_koder<25> |izlaz_dekoder<26> |   11.385|
ulaz_koder<25> |izlaz_dekoder<27> |   11.266|
ulaz_koder<25> |izlaz_dekoder<28> |   11.479|
ulaz_koder<25> |izlaz_dekoder<29> |   11.617|
ulaz_koder<25> |izlaz_dekoder<30> |   11.804|
ulaz_koder<25> |izlaz_dekoder<31> |   11.763|
ulaz_koder<25> |izlaz_dekoder<32> |   11.869|
ulaz_koder<25> |izlaz_dekoder<33> |   12.154|
ulaz_koder<25> |izlaz_dekoder<34> |   12.085|
ulaz_koder<25> |izlaz_dekoder<35> |   12.056|
ulaz_koder<25> |izlaz_dekoder<36> |   12.230|
ulaz_koder<25> |izlaz_dekoder<37> |   12.283|
ulaz_koder<25> |izlaz_dekoder<38> |   12.306|
ulaz_koder<25> |izlaz_dekoder<39> |   12.262|
ulaz_koder<25> |izlaz_koder<25>   |   11.292|
ulaz_koder<25> |izlaz_koder<26>   |   11.640|
ulaz_koder<25> |izlaz_koder<27>   |   11.660|
ulaz_koder<25> |izlaz_koder<28>   |   11.630|
ulaz_koder<25> |izlaz_koder<29>   |   11.738|
ulaz_koder<25> |izlaz_koder<30>   |   11.680|
ulaz_koder<25> |izlaz_koder<31>   |   11.577|
ulaz_koder<25> |izlaz_koder<32>   |   11.287|
ulaz_koder<25> |izlaz_koder<33>   |   11.138|
ulaz_koder<25> |izlaz_koder<34>   |   11.904|
ulaz_koder<25> |izlaz_koder<35>   |   11.675|
ulaz_koder<25> |izlaz_koder<36>   |   12.153|
ulaz_koder<25> |izlaz_koder<37>   |   12.221|
ulaz_koder<25> |izlaz_koder<38>   |   12.668|
ulaz_koder<25> |izlaz_koder<39>   |   12.947|
ulaz_koder<26> |izlaz_dekoder<26> |   11.137|
ulaz_koder<26> |izlaz_dekoder<27> |   11.018|
ulaz_koder<26> |izlaz_dekoder<28> |   11.231|
ulaz_koder<26> |izlaz_dekoder<29> |   11.369|
ulaz_koder<26> |izlaz_dekoder<30> |   11.376|
ulaz_koder<26> |izlaz_dekoder<31> |   11.331|
ulaz_koder<26> |izlaz_dekoder<32> |   11.402|
ulaz_koder<26> |izlaz_dekoder<33> |   11.687|
ulaz_koder<26> |izlaz_dekoder<34> |   11.577|
ulaz_koder<26> |izlaz_dekoder<35> |   11.548|
ulaz_koder<26> |izlaz_dekoder<36> |   11.722|
ulaz_koder<26> |izlaz_dekoder<37> |   11.775|
ulaz_koder<26> |izlaz_dekoder<38> |   11.800|
ulaz_koder<26> |izlaz_dekoder<39> |   11.760|
ulaz_koder<26> |izlaz_koder<26>   |   11.495|
ulaz_koder<26> |izlaz_koder<27>   |   11.119|
ulaz_koder<26> |izlaz_koder<28>   |   11.399|
ulaz_koder<26> |izlaz_koder<29>   |   11.339|
ulaz_koder<26> |izlaz_koder<30>   |   11.324|
ulaz_koder<26> |izlaz_koder<31>   |   11.069|
ulaz_koder<26> |izlaz_koder<32>   |   11.058|
ulaz_koder<26> |izlaz_koder<33>   |   11.035|
ulaz_koder<26> |izlaz_koder<34>   |   11.801|
ulaz_koder<26> |izlaz_koder<35>   |   11.167|
ulaz_koder<26> |izlaz_koder<36>   |   12.050|
ulaz_koder<26> |izlaz_koder<37>   |   12.043|
ulaz_koder<26> |izlaz_koder<38>   |   12.539|
ulaz_koder<26> |izlaz_koder<39>   |   12.439|
ulaz_koder<27> |izlaz_dekoder<27> |   10.840|
ulaz_koder<27> |izlaz_dekoder<28> |   11.079|
ulaz_koder<27> |izlaz_dekoder<29> |   11.397|
ulaz_koder<27> |izlaz_dekoder<30> |   11.585|
ulaz_koder<27> |izlaz_dekoder<31> |   11.544|
ulaz_koder<27> |izlaz_dekoder<32> |   11.650|
ulaz_koder<27> |izlaz_dekoder<33> |   11.935|
ulaz_koder<27> |izlaz_dekoder<34> |   11.866|
ulaz_koder<27> |izlaz_dekoder<35> |   11.837|
ulaz_koder<27> |izlaz_dekoder<36> |   12.011|
ulaz_koder<27> |izlaz_dekoder<37> |   12.064|
ulaz_koder<27> |izlaz_dekoder<38> |   12.087|
ulaz_koder<27> |izlaz_dekoder<39> |   12.043|
ulaz_koder<27> |izlaz_koder<27>   |   11.382|
ulaz_koder<27> |izlaz_koder<28>   |   11.411|
ulaz_koder<27> |izlaz_koder<29>   |   11.519|
ulaz_koder<27> |izlaz_koder<30>   |   11.461|
ulaz_koder<27> |izlaz_koder<31>   |   11.358|
ulaz_koder<27> |izlaz_koder<32>   |   11.068|
ulaz_koder<27> |izlaz_koder<33>   |   10.602|
ulaz_koder<27> |izlaz_koder<34>   |   11.368|
ulaz_koder<27> |izlaz_koder<35>   |   11.456|
ulaz_koder<27> |izlaz_koder<36>   |   11.617|
ulaz_koder<27> |izlaz_koder<37>   |   12.002|
ulaz_koder<27> |izlaz_koder<38>   |   12.449|
ulaz_koder<27> |izlaz_koder<39>   |   12.728|
ulaz_koder<28> |izlaz_dekoder<28> |   11.217|
ulaz_koder<28> |izlaz_dekoder<29> |   11.583|
ulaz_koder<28> |izlaz_dekoder<30> |   11.771|
ulaz_koder<28> |izlaz_dekoder<31> |   11.730|
ulaz_koder<28> |izlaz_dekoder<32> |   11.942|
ulaz_koder<28> |izlaz_dekoder<33> |   12.206|
ulaz_koder<28> |izlaz_dekoder<34> |   12.208|
ulaz_koder<28> |izlaz_dekoder<35> |   12.179|
ulaz_koder<28> |izlaz_dekoder<36> |   12.353|
ulaz_koder<28> |izlaz_dekoder<37> |   12.406|
ulaz_koder<28> |izlaz_dekoder<38> |   12.429|
ulaz_koder<28> |izlaz_dekoder<39> |   12.385|
ulaz_koder<28> |izlaz_koder<28>   |   11.618|
ulaz_koder<28> |izlaz_koder<29>   |   11.705|
ulaz_koder<28> |izlaz_koder<30>   |   11.776|
ulaz_koder<28> |izlaz_koder<31>   |   11.661|
ulaz_koder<28> |izlaz_koder<32>   |   11.410|
ulaz_koder<28> |izlaz_koder<33>   |   11.018|
ulaz_koder<28> |izlaz_koder<34>   |   11.784|
ulaz_koder<28> |izlaz_koder<35>   |   11.798|
ulaz_koder<28> |izlaz_koder<36>   |   12.033|
ulaz_koder<28> |izlaz_koder<37>   |   12.344|
ulaz_koder<28> |izlaz_koder<38>   |   12.791|
ulaz_koder<28> |izlaz_koder<39>   |   13.070|
ulaz_koder<29> |izlaz_dekoder<29> |   10.785|
ulaz_koder<29> |izlaz_dekoder<30> |   11.001|
ulaz_koder<29> |izlaz_dekoder<31> |   10.984|
ulaz_koder<29> |izlaz_dekoder<32> |   11.208|
ulaz_koder<29> |izlaz_dekoder<33> |   11.472|
ulaz_koder<29> |izlaz_dekoder<34> |   11.474|
ulaz_koder<29> |izlaz_dekoder<35> |   11.445|
ulaz_koder<29> |izlaz_dekoder<36> |   11.619|
ulaz_koder<29> |izlaz_dekoder<37> |   11.672|
ulaz_koder<29> |izlaz_dekoder<38> |   11.695|
ulaz_koder<29> |izlaz_dekoder<39> |   11.651|
ulaz_koder<29> |izlaz_koder<29>   |   10.957|
ulaz_koder<29> |izlaz_koder<30>   |   11.076|
ulaz_koder<29> |izlaz_koder<31>   |   10.931|
ulaz_koder<29> |izlaz_koder<32>   |   10.867|
ulaz_koder<29> |izlaz_koder<33>   |   10.844|
ulaz_koder<29> |izlaz_koder<34>   |   11.610|
ulaz_koder<29> |izlaz_koder<35>   |   11.064|
ulaz_koder<29> |izlaz_koder<36>   |   11.859|
ulaz_koder<29> |izlaz_koder<37>   |   11.852|
ulaz_koder<29> |izlaz_koder<38>   |   12.348|
ulaz_koder<29> |izlaz_koder<39>   |   12.336|
ulaz_koder<30> |izlaz_dekoder<30> |   11.289|
ulaz_koder<30> |izlaz_dekoder<31> |   11.249|
ulaz_koder<30> |izlaz_dekoder<32> |   11.506|
ulaz_koder<30> |izlaz_dekoder<33> |   11.770|
ulaz_koder<30> |izlaz_dekoder<34> |   11.772|
ulaz_koder<30> |izlaz_dekoder<35> |   11.743|
ulaz_koder<30> |izlaz_dekoder<36> |   11.917|
ulaz_koder<30> |izlaz_dekoder<37> |   11.970|
ulaz_koder<30> |izlaz_dekoder<38> |   11.993|
ulaz_koder<30> |izlaz_dekoder<39> |   11.949|
ulaz_koder<30> |izlaz_koder<30>   |   11.318|
ulaz_koder<30> |izlaz_koder<31>   |   11.196|
ulaz_koder<30> |izlaz_koder<32>   |   10.974|
ulaz_koder<30> |izlaz_koder<33>   |   10.928|
ulaz_koder<30> |izlaz_koder<34>   |   11.694|
ulaz_koder<30> |izlaz_koder<35>   |   11.362|
ulaz_koder<30> |izlaz_koder<36>   |   11.943|
ulaz_koder<30> |izlaz_koder<37>   |   11.936|
ulaz_koder<30> |izlaz_koder<38>   |   12.432|
ulaz_koder<30> |izlaz_koder<39>   |   12.634|
ulaz_koder<31> |izlaz_dekoder<31> |   10.923|
ulaz_koder<31> |izlaz_dekoder<32> |   11.206|
ulaz_koder<31> |izlaz_dekoder<33> |   11.470|
ulaz_koder<31> |izlaz_dekoder<34> |   11.472|
ulaz_koder<31> |izlaz_dekoder<35> |   11.443|
ulaz_koder<31> |izlaz_dekoder<36> |   11.617|
ulaz_koder<31> |izlaz_dekoder<37> |   11.670|
ulaz_koder<31> |izlaz_dekoder<38> |   11.693|
ulaz_koder<31> |izlaz_dekoder<39> |   11.649|
ulaz_koder<31> |izlaz_koder<31>   |   10.870|
ulaz_koder<31> |izlaz_koder<32>   |   10.788|
ulaz_koder<31> |izlaz_koder<33>   |   10.765|
ulaz_koder<31> |izlaz_koder<34>   |   11.531|
ulaz_koder<31> |izlaz_koder<35>   |   11.062|
ulaz_koder<31> |izlaz_koder<36>   |   11.780|
ulaz_koder<31> |izlaz_koder<37>   |   11.773|
ulaz_koder<31> |izlaz_koder<38>   |   12.269|
ulaz_koder<31> |izlaz_koder<39>   |   12.334|
ulaz_koder<32> |izlaz_dekoder<32> |   11.307|
ulaz_koder<32> |izlaz_dekoder<33> |   11.571|
ulaz_koder<32> |izlaz_dekoder<34> |   11.573|
ulaz_koder<32> |izlaz_dekoder<35> |   11.544|
ulaz_koder<32> |izlaz_dekoder<36> |   11.718|
ulaz_koder<32> |izlaz_dekoder<37> |   11.771|
ulaz_koder<32> |izlaz_dekoder<38> |   11.895|
ulaz_koder<32> |izlaz_dekoder<39> |   11.855|
ulaz_koder<32> |izlaz_koder<32>   |   11.034|
ulaz_koder<32> |izlaz_koder<33>   |   10.983|
ulaz_koder<32> |izlaz_koder<34>   |   11.838|
ulaz_koder<32> |izlaz_koder<35>   |   11.259|
ulaz_koder<32> |izlaz_koder<36>   |   12.145|
ulaz_koder<32> |izlaz_koder<37>   |   12.138|
ulaz_koder<32> |izlaz_koder<38>   |   12.634|
ulaz_koder<32> |izlaz_koder<39>   |   12.570|
ulaz_koder<33> |izlaz_dekoder<33> |   11.295|
ulaz_koder<33> |izlaz_dekoder<34> |   11.473|
ulaz_koder<33> |izlaz_dekoder<35> |   11.437|
ulaz_koder<33> |izlaz_dekoder<36> |   11.640|
ulaz_koder<33> |izlaz_dekoder<37> |   11.693|
ulaz_koder<33> |izlaz_dekoder<38> |   11.831|
ulaz_koder<33> |izlaz_dekoder<39> |   11.791|
ulaz_koder<33> |izlaz_koder<33>   |   10.875|
ulaz_koder<33> |izlaz_koder<34>   |   11.775|
ulaz_koder<33> |izlaz_koder<35>   |   11.199|
ulaz_koder<33> |izlaz_koder<36>   |   12.081|
ulaz_koder<33> |izlaz_koder<37>   |   12.074|
ulaz_koder<33> |izlaz_koder<38>   |   12.570|
ulaz_koder<33> |izlaz_koder<39>   |   12.506|
ulaz_koder<34> |izlaz_dekoder<34> |   11.470|
ulaz_koder<34> |izlaz_dekoder<35> |   11.434|
ulaz_koder<34> |izlaz_dekoder<36> |   11.637|
ulaz_koder<34> |izlaz_dekoder<37> |   11.690|
ulaz_koder<34> |izlaz_dekoder<38> |   11.870|
ulaz_koder<34> |izlaz_dekoder<39> |   11.830|
ulaz_koder<34> |izlaz_koder<34>   |   11.772|
ulaz_koder<34> |izlaz_koder<35>   |   11.218|
ulaz_koder<34> |izlaz_koder<36>   |   12.120|
ulaz_koder<34> |izlaz_koder<37>   |   12.113|
ulaz_koder<34> |izlaz_koder<38>   |   12.609|
ulaz_koder<34> |izlaz_koder<39>   |   12.558|
ulaz_koder<35> |izlaz_dekoder<35> |   11.300|
ulaz_koder<35> |izlaz_dekoder<36> |   11.576|
ulaz_koder<35> |izlaz_dekoder<37> |   11.608|
ulaz_koder<35> |izlaz_dekoder<38> |   11.760|
ulaz_koder<35> |izlaz_dekoder<39> |   11.704|
ulaz_koder<35> |izlaz_koder<35>   |   11.150|
ulaz_koder<35> |izlaz_koder<36>   |   11.948|
ulaz_koder<35> |izlaz_koder<37>   |   11.941|
ulaz_koder<35> |izlaz_koder<38>   |   12.437|
ulaz_koder<35> |izlaz_koder<39>   |   12.516|
ulaz_koder<36> |izlaz_dekoder<36> |   11.213|
ulaz_koder<36> |izlaz_dekoder<37> |   11.245|
ulaz_koder<36> |izlaz_dekoder<38> |   11.397|
ulaz_koder<36> |izlaz_dekoder<39> |   11.341|
ulaz_koder<36> |izlaz_koder<36>   |   11.650|
ulaz_koder<36> |izlaz_koder<37>   |   11.615|
ulaz_koder<36> |izlaz_koder<38>   |   12.200|
ulaz_koder<36> |izlaz_koder<39>   |   12.249|
ulaz_koder<37> |izlaz_dekoder<37> |   11.374|
ulaz_koder<37> |izlaz_dekoder<38> |   11.654|
ulaz_koder<37> |izlaz_dekoder<39> |   11.591|
ulaz_koder<37> |izlaz_koder<37>   |   11.803|
ulaz_koder<37> |izlaz_koder<38>   |   12.433|
ulaz_koder<37> |izlaz_koder<39>   |   12.645|
ulaz_koder<38> |izlaz_dekoder<38> |   11.485|
ulaz_koder<38> |izlaz_dekoder<39> |   11.422|
ulaz_koder<38> |izlaz_koder<38>   |   12.384|
ulaz_koder<38> |izlaz_koder<39>   |   12.392|
ulaz_koder<39> |izlaz_dekoder<39> |   11.144|
ulaz_koder<39> |izlaz_koder<39>   |   12.240|
---------------+------------------+---------+


Analysis completed Sat Jan  5 16:16:54 2019 
--------------------------------------------------------------------------------

Trace Settings:
-------------------------
Trace Settings 

Peak Memory Usage: 384 MB



